<?xml version="1.0" encoding="utf-8"?><testsuites name="pytest tests"><testsuite name="pytest" errors="0" failures="0" skipped="35" tests="1002" time="37.347" timestamp="2025-11-25T07:04:47.531572-05:00" hostname="Enzos-MacBook-Pro.local"><testcase classname="" name="tests.unit.test_parakeet_provider" time="0.000"><skipped message="collection skipped">('/Users/enzolucchesi/Desktop/Manual Library/audio-extraction-analysis/tests/unit/test_parakeet_provider.py', 13, 'Skipped: NeMo not installed (optional Parakeet dependency)')</skipped></testcase><testcase classname="tests.unit.test_analysis_init.TestAnalysisPackage" name="test_module_import" time="0.001" /><testcase classname="tests.unit.test_analysis_init.TestAnalysisPackage" name="test_module_docstring" time="0.000" /><testcase classname="tests.unit.test_analysis_init.TestAnalysisPackage" name="test_docstring_content" time="0.000" /><testcase classname="tests.unit.test_analysis_init.TestAnalysisPackage" name="test_all_attribute_exists" time="0.000" /><testcase classname="tests.unit.test_analysis_init.TestAnalysisPackage" name="test_all_attribute_content" time="0.000" /><testcase classname="tests.unit.test_analysis_init.TestAnalysisPackage" name="test_concise_analyzer_exported" time="0.000" /><testcase classname="tests.unit.test_analysis_init.TestAnalysisPackage" name="test_full_analyzer_exported" time="0.000" /><testcase classname="tests.unit.test_analysis_init.TestAnalysisPackage" name="test_direct_import_concise_analyzer" time="0.000" /><testcase classname="tests.unit.test_analysis_init.TestAnalysisPackage" name="test_direct_import_full_analyzer" time="0.000" /><testcase classname="tests.unit.test_analysis_init.TestAnalysisPackage" name="test_wildcard_import" time="0.000" /><testcase classname="tests.unit.test_analysis_init.TestAnalysisPackage" name="test_no_unexpected_public_exports" time="0.000" /><testcase classname="tests.unit.test_analysis_init.TestAnalysisPackage" name="test_analyzer_classes_are_classes" time="0.000" /><testcase classname="tests.unit.test_analysis_init.TestAnalysisPackage" name="test_import_does_not_raise" time="0.000" /><testcase classname="tests.unit.test_async_audio_extraction.TestAsyncAudioExtractor" name="test_import_works" time="0.003" /><testcase classname="tests.unit.test_async_audio_extraction.TestAsyncAudioExtractor" name="test_extract_audio_async_method_exists" time="0.003" /><testcase classname="tests.unit.test_async_audio_extraction.TestAsyncAudioExtractor" name="test_extract_audio_async_handles_timeout_error" time="0.004" /><testcase classname="tests.unit.test_async_audio_extraction.TestAsyncAudioExtractor" name="test_run_ffmpeg_times_out_and_terminates" time="0.013" /><testcase classname="tests.unit.test_async_audio_extraction.TestAsyncAudioExtractor" name="test_run_ffmpeg_raises_on_non_zero_exit" time="0.002" /><testcase classname="tests.unit.test_async_audio_extraction.TestAsyncAudioExtractor" name="test_extract_audio_async_handles_subprocess_timeout" time="0.002" /><testcase classname="tests.unit.test_audio_extraction.TestAudioQuality" name="test_quality_values" time="0.000" /><testcase classname="tests.unit.test_audio_extraction.TestAudioExtractor" name="test_check_ffmpeg_success" time="0.000" /><testcase classname="tests.unit.test_audio_extraction.TestAudioExtractor" name="test_check_ffmpeg_failure" time="0.001" /><testcase classname="tests.unit.test_audio_extraction.TestAudioExtractor" name="test_get_video_info" time="0.062" /><testcase classname="tests.unit.test_audio_extraction.TestAudioExtractor" name="test_extract_audio_success" time="0.002" /><testcase classname="tests.unit.test_audio_extraction.TestAudioExtractor" name="test_extract_audio_input_not_found" time="0.001" /><testcase classname="tests.unit.test_audio_extraction.TestAudioExtractor" name="test_extract_audio_ffmpeg_failure" time="0.002" /><testcase classname="tests.unit.test_audio_extraction.TestAudioExtractor" name="test_extract_audio_speech_quality" time="0.001" /><testcase classname="tests.unit.test_audio_extraction.TestAudioExtractor" name="test_all_quality_presets" time="0.002" /><testcase classname="tests.unit.test_audio_extraction.TestAudioExtractor" name="test_path_validation_with_square_brackets" time="0.001" /><testcase classname="tests.unit.test_audio_extraction.TestAudioExtractor" name="test_path_validation_with_common_special_chars" time="0.002" /><testcase classname="tests.unit.test_audio_extraction.TestAudioExtractor" name="test_path_validation_rejects_dangerous_chars" time="0.001" /><testcase classname="tests.unit.test_cli.TestCLIParser" name="test_parser_creation" time="0.002" /><testcase classname="tests.unit.test_cli.TestCLIParser" name="test_version_argument" time="0.003" /><testcase classname="tests.unit.test_cli.TestCLIParser" name="test_extract_command_parsing" time="0.004" /><testcase classname="tests.unit.test_cli.TestCLIParser" name="test_extract_command_with_options" time="0.003" /><testcase classname="tests.unit.test_cli.TestCLIParser" name="test_transcribe_command_parsing" time="0.002" /><testcase classname="tests.unit.test_cli.TestCLIParser" name="test_transcribe_command_with_options" time="0.002" /><testcase classname="tests.unit.test_cli.TestCLIParser" name="test_transcribe_command_provider_default" time="0.003" /><testcase classname="tests.unit.test_cli.TestCLIParser" name="test_transcribe_command_provider_choices" time="0.005" /><testcase classname="tests.unit.test_cli.TestCLIParser" name="test_process_command_parsing" time="0.003" /><testcase classname="tests.unit.test_cli.TestCLIParser" name="test_process_command_parsing_with_url" time="0.002" /><testcase classname="tests.unit.test_cli.TestCLIParser" name="test_process_command_with_options" time="0.002" /><testcase classname="tests.unit.test_cli.TestCLIParser" name="test_process_command_provider_default" time="0.002" /><testcase classname="tests.unit.test_cli.TestCLIParser" name="test_verbose_flag" time="0.002" /><testcase classname="tests.unit.test_cli.TestCLIParser" name="test_invalid_quality_choice" time="0.002" /><testcase classname="tests.unit.test_cli.TestCLIExtractCommand" name="test_extract_command_success" time="0.017" /><testcase classname="tests.unit.test_cli.TestCLIExtractCommand" name="test_extract_command_input_not_found" time="0.002" /><testcase classname="tests.unit.test_cli.TestCLIExtractCommand" name="test_extract_command_extraction_failure" time="0.002" /><testcase classname="tests.unit.test_cli.TestCLITranscribeCommand" name="test_transcribe_command_success" time="0.008" /><testcase classname="tests.unit.test_cli.TestCLITranscribeCommand" name="test_transcribe_command_missing_api_key" time="0.004" /><testcase classname="tests.unit.test_cli.TestCLITranscribeCommand" name="test_transcribe_command_input_not_found" time="0.003" /><testcase classname="tests.unit.test_cli.TestCLITranscribeCommand" name="test_transcribe_command_failure" time="0.005" /><testcase classname="tests.unit.test_cli.TestCLIProcessCommand" name="test_process_command_success" time="0.000"><skipped type="pytest.skip" message="Integration test - requires full pipeline mocking">/Users/enzolucchesi/Projects/audio-extraction-analysis/tests/unit/test_cli.py:312: Integration test - requires full pipeline mocking</skipped></testcase><testcase classname="tests.unit.test_cli.TestCLIProcessCommand" name="test_process_command_input_not_found" time="0.003" /><testcase classname="tests.unit.test_cli.TestCLIProcessCommand" name="test_process_command_pipeline_failure" time="0.003" /><testcase classname="tests.unit.test_cli.TestCLIProcessCommand" name="test_process_command_runs_in_active_event_loop" time="0.003" /><testcase classname="tests.unit.test_cli.TestCLILogging" name="test_verbose_logging_setup" time="0.003" /><testcase classname="tests.unit.test_cli.TestCLILogging" name="test_normal_logging_setup" time="0.003" /><testcase classname="tests.unit.test_cli.TestCLIErrorHandling" name="test_unknown_command_error" time="0.002" /><testcase classname="tests.unit.test_cli.TestCLIErrorHandling" name="test_general_exception_handling" time="0.004" /><testcase classname="tests.unit.test_cli.TestCLIErrorHandling" name="test_keyboard_interrupt_handling" time="0.003" /><testcase classname="tests.unit.test_cli.TestCLIProviderSelection" name="test_transcribe_command_with_deepgram_provider" time="0.006" /><testcase classname="tests.unit.test_cli.TestCLIProviderSelection" name="test_transcribe_command_with_elevenlabs_provider" time="0.006" /><testcase classname="tests.unit.test_cli.TestCLIProviderSelection" name="test_transcribe_command_with_auto_provider_selection" time="0.005" /><testcase classname="tests.unit.test_cli.TestCLIProviderSelection" name="test_transcribe_command_provider_creation_failure" time="0.003" /><testcase classname="tests.unit.test_cli.TestCLIProviderSelection" name="test_process_command_with_provider_selection" time="0.000"><skipped type="pytest.skip" message="Integration test - requires full pipeline mocking">/Users/enzolucchesi/Projects/audio-extraction-analysis/tests/unit/test_cli.py:589: Integration test - requires full pipeline mocking</skipped></testcase><testcase classname="tests.unit.test_cli_error_handlers.TestValidationErrorHandler" name="test_handle_file_not_found" time="0.001" /><testcase classname="tests.unit.test_cli_error_handlers.TestValidationErrorHandler" name="test_handle_permission_error" time="0.000" /><testcase classname="tests.unit.test_cli_error_handlers.TestValidationErrorHandler" name="test_handle_file_size_error" time="0.000" /><testcase classname="tests.unit.test_cli_error_handlers.TestFFmpegErrorHandler" name="test_handle_ffmpeg_not_found" time="0.000" /><testcase classname="tests.unit.test_cli_error_handlers.TestFFmpegErrorHandler" name="test_handle_ffmpeg_execution_error" time="0.000" /><testcase classname="tests.unit.test_cli_error_handlers.TestAudioExtractionErrorHandler" name="test_handle_extraction_error_with_context" time="0.001" /><testcase classname="tests.unit.test_cli_error_handlers.TestProviderErrorHandler" name="test_handle_provider_not_available" time="0.001" /><testcase classname="tests.unit.test_cli_error_handlers.TestProviderErrorHandler" name="test_handle_provider_authentication_error" time="0.000" /><testcase classname="tests.unit.test_cli_error_handlers.TestProviderAPIErrorHandler" name="test_handle_api_error_with_status_code" time="0.000" /><testcase classname="tests.unit.test_cli_error_handlers.TestProviderAPIErrorHandler" name="test_handle_api_error_401" time="0.000" /><testcase classname="tests.unit.test_cli_error_handlers.TestProviderAPIErrorHandler" name="test_handle_api_error_503" time="0.000" /><testcase classname="tests.unit.test_cli_error_handlers.TestCLIErrorHandler" name="test_handle_keyboard_interrupt" time="0.000" /><testcase classname="tests.unit.test_cli_error_handlers.TestCLIErrorHandler" name="test_handle_validation_error_dispatch" time="0.000" /><testcase classname="tests.unit.test_cli_error_handlers.TestCLIErrorHandler" name="test_handle_ffmpeg_not_found_dispatch" time="0.000" /><testcase classname="tests.unit.test_cli_error_handlers.TestCLIErrorHandler" name="test_handle_provider_not_available_dispatch" time="0.000" /><testcase classname="tests.unit.test_cli_error_handlers.TestCLIErrorHandler" name="test_handle_rate_limit_error" time="0.000" /><testcase classname="tests.unit.test_cli_error_handlers.TestCLIErrorHandler" name="test_handle_timeout_error" time="0.000" /><testcase classname="tests.unit.test_cli_error_handlers.TestCLIErrorHandler" name="test_handle_unexpected_error" time="0.000" /><testcase classname="tests.unit.test_cli_legacy_forward" name="test_cli_legacy_main_points_to_new_cli" time="0.002" /><testcase classname="tests.unit.test_common_validation.TestFileValidatorBasicChecks" name="test_check_file_existence_valid" time="0.001" /><testcase classname="tests.unit.test_common_validation.TestFileValidatorBasicChecks" name="test_check_file_existence_missing" time="0.001" /><testcase classname="tests.unit.test_common_validation.TestFileValidatorBasicChecks" name="test_check_file_extension_valid" time="0.001" /><testcase classname="tests.unit.test_common_validation.TestFileValidatorBasicChecks" name="test_check_file_extension_invalid" time="0.001" /><testcase classname="tests.unit.test_common_validation.TestFileValidatorBasicChecks" name="test_check_file_extension_case_insensitive" time="0.001" /><testcase classname="tests.unit.test_common_validation.TestFileValidatorBasicChecks" name="test_check_file_size_valid" time="0.001" /><testcase classname="tests.unit.test_common_validation.TestFileValidatorBasicChecks" name="test_check_file_size_exceeds_limit" time="0.001" /><testcase classname="tests.unit.test_common_validation.TestFileValidatorBasicChecks" name="test_check_file_type_valid" time="0.001" /><testcase classname="tests.unit.test_common_validation.TestFileValidatorBasicChecks" name="test_check_file_type_directory" time="0.001" /><testcase classname="tests.unit.test_common_validation.TestFileValidatorBasicChecks" name="test_check_file_permissions_readable" time="0.001" /><testcase classname="tests.unit.test_common_validation.TestFileValidatorBasicChecks" name="test_check_file_permissions_unreadable" time="0.001" /><testcase classname="tests.unit.test_common_validation.TestFileValidatorValidateFilePath" name="test_validate_existing_file" time="0.001" /><testcase classname="tests.unit.test_common_validation.TestFileValidatorValidateFilePath" name="test_validate_non_existing_file_must_exist" time="0.001" /><testcase classname="tests.unit.test_common_validation.TestFileValidatorValidateFilePath" name="test_validate_non_existing_file_optional" time="0.001" /><testcase classname="tests.unit.test_common_validation.TestFileValidatorValidateFilePath" name="test_validate_with_allowed_extensions" time="0.001" /><testcase classname="tests.unit.test_common_validation.TestFileValidatorValidateFilePath" name="test_validate_with_disallowed_extension" time="0.001" /><testcase classname="tests.unit.test_common_validation.TestFileValidatorValidateFilePath" name="test_validate_with_max_size" time="0.001" /><testcase classname="tests.unit.test_common_validation.TestFileValidatorValidateFilePath" name="test_validate_exceeds_max_size" time="0.001" /><testcase classname="tests.unit.test_common_validation.TestFileValidatorValidateFilePath" name="test_validate_size_check_skipped_when_not_exists" time="0.001" /><testcase classname="tests.unit.test_common_validation.TestFileValidatorValidateFilePath" name="test_validate_directory_fails" time="0.001" /><testcase classname="tests.unit.test_common_validation.TestFileValidatorValidateFilePath" name="test_validate_path_security_integration" time="0.001" /><testcase classname="tests.unit.test_common_validation.TestFileValidatorValidateFilePath" name="test_validate_string_path_converted" time="0.001" /><testcase classname="tests.unit.test_common_validation.TestFileValidatorValidateMediaFile" name="test_validate_audio_file_mp3" time="0.001" /><testcase classname="tests.unit.test_common_validation.TestFileValidatorValidateMediaFile" name="test_validate_audio_file_wav" time="0.001" /><testcase classname="tests.unit.test_common_validation.TestFileValidatorValidateMediaFile" name="test_validate_video_file_mp4" time="0.001" /><testcase classname="tests.unit.test_common_validation.TestFileValidatorValidateMediaFile" name="test_validate_all_audio_extensions" time="0.002" /><testcase classname="tests.unit.test_common_validation.TestFileValidatorValidateMediaFile" name="test_validate_all_video_extensions" time="0.002" /><testcase classname="tests.unit.test_common_validation.TestFileValidatorValidateMediaFile" name="test_validate_unsupported_extension" time="0.001" /><testcase classname="tests.unit.test_common_validation.TestFileValidatorValidateMediaFile" name="test_validate_media_missing_file" time="0.001" /><testcase classname="tests.unit.test_common_validation.TestFileValidatorValidateMediaFile" name="test_validate_media_with_custom_size" time="0.001" /><testcase classname="tests.unit.test_common_validation.TestFileValidatorValidateMediaFile" name="test_validate_media_exceeds_custom_size" time="0.001" /><testcase classname="tests.unit.test_common_validation.TestFileValidatorValidateMediaFile" name="test_validate_media_default_size_limit" time="0.001" /><testcase classname="tests.unit.test_common_validation.TestFileValidatorValidateOutputPath" name="test_validate_new_output_path" time="0.001" /><testcase classname="tests.unit.test_common_validation.TestFileValidatorValidateOutputPath" name="test_validate_existing_output_without_force" time="0.001" /><testcase classname="tests.unit.test_common_validation.TestFileValidatorValidateOutputPath" name="test_validate_existing_output_with_force" time="0.001" /><testcase classname="tests.unit.test_common_validation.TestFileValidatorValidateOutputPath" name="test_validate_creates_parent_directories" time="0.001" /><testcase classname="tests.unit.test_common_validation.TestFileValidatorValidateOutputPath" name="test_validate_without_creating_parents" time="0.001" /><testcase classname="tests.unit.test_common_validation.TestFileValidatorValidateOutputPath" name="test_validate_parent_is_file" time="0.001" /><testcase classname="tests.unit.test_common_validation.TestFileValidatorValidateOutputPath" name="test_validate_write_permissions" time="0.001" /><testcase classname="tests.unit.test_common_validation.TestFileValidatorValidateOutputPath" name="test_validate_no_write_permissions" time="0.001" /><testcase classname="tests.unit.test_common_validation.TestFileValidatorValidateOutputPath" name="test_validate_output_security_integration" time="0.000" /><testcase classname="tests.unit.test_common_validation.TestFileValidatorValidateOutputPath" name="test_validate_string_path_converted" time="0.001" /><testcase classname="tests.unit.test_common_validation.TestConfigValidatorPositiveNumber" name="test_validate_positive_integer" time="0.000" /><testcase classname="tests.unit.test_common_validation.TestConfigValidatorPositiveNumber" name="test_validate_positive_float" time="0.000" /><testcase classname="tests.unit.test_common_validation.TestConfigValidatorPositiveNumber" name="test_validate_zero_fails" time="0.001" /><testcase classname="tests.unit.test_common_validation.TestConfigValidatorPositiveNumber" name="test_validate_negative_fails" time="0.000" /><testcase classname="tests.unit.test_common_validation.TestConfigValidatorPositiveNumber" name="test_validate_negative_float_fails" time="0.000" /><testcase classname="tests.unit.test_common_validation.TestConfigValidatorPositiveNumber" name="test_validate_small_positive" time="0.000" /><testcase classname="tests.unit.test_common_validation.TestConfigValidatorPositiveNumber" name="test_error_message_includes_name" time="0.001" /><testcase classname="tests.unit.test_common_validation.TestConfigValidatorRange" name="test_validate_value_in_range" time="0.000" /><testcase classname="tests.unit.test_common_validation.TestConfigValidatorRange" name="test_validate_value_at_min_boundary" time="0.000" /><testcase classname="tests.unit.test_common_validation.TestConfigValidatorRange" name="test_validate_value_at_max_boundary" time="0.000" /><testcase classname="tests.unit.test_common_validation.TestConfigValidatorRange" name="test_validate_value_below_min" time="0.001" /><testcase classname="tests.unit.test_common_validation.TestConfigValidatorRange" name="test_validate_value_above_max" time="0.001" /><testcase classname="tests.unit.test_common_validation.TestConfigValidatorRange" name="test_validate_only_min_specified" time="0.000" /><testcase classname="tests.unit.test_common_validation.TestConfigValidatorRange" name="test_validate_only_max_specified" time="0.001" /><testcase classname="tests.unit.test_common_validation.TestConfigValidatorRange" name="test_validate_no_bounds_specified" time="0.000" /><testcase classname="tests.unit.test_common_validation.TestConfigValidatorRange" name="test_validate_float_values" time="0.000" /><testcase classname="tests.unit.test_common_validation.TestConfigValidatorRange" name="test_error_message_includes_custom_name" time="0.001" /><testcase classname="tests.unit.test_common_validation.TestConfigValidatorEnum" name="test_validate_value_in_set" time="0.000" /><testcase classname="tests.unit.test_common_validation.TestConfigValidatorEnum" name="test_validate_value_not_in_set" time="0.001" /><testcase classname="tests.unit.test_common_validation.TestConfigValidatorEnum" name="test_validate_case_sensitive" time="0.000" /><testcase classname="tests.unit.test_common_validation.TestConfigValidatorEnum" name="test_validate_empty_allowed_set" time="0.000" /><testcase classname="tests.unit.test_common_validation.TestConfigValidatorEnum" name="test_validate_single_allowed_value" time="0.000" /><testcase classname="tests.unit.test_common_validation.TestConfigValidatorEnum" name="test_error_message_includes_allowed_values" time="0.001" /><testcase classname="tests.unit.test_common_validation.TestConfigValidatorEnum" name="test_error_message_includes_custom_name" time="0.001" /><testcase classname="tests.unit.test_common_validation.TestConfigValidatorEnum" name="test_error_message_shows_received_value" time="0.001" /><testcase classname="tests.unit.test_common_validation.TestConvenienceFunctions" name="test_validate_file_path_function" time="0.001" /><testcase classname="tests.unit.test_common_validation.TestConvenienceFunctions" name="test_validate_file_path_function_with_args" time="0.001" /><testcase classname="tests.unit.test_common_validation.TestConvenienceFunctions" name="test_validate_media_file_function" time="0.001" /><testcase classname="tests.unit.test_common_validation.TestConvenienceFunctions" name="test_validate_media_file_function_with_args" time="0.001" /><testcase classname="tests.unit.test_common_validation.TestConvenienceFunctions" name="test_validate_output_path_function" time="0.001" /><testcase classname="tests.unit.test_common_validation.TestConvenienceFunctions" name="test_validate_output_path_function_with_args" time="0.001" /><testcase classname="tests.unit.test_common_validation.TestFileValidatorConstants" name="test_audio_extensions_defined" time="0.000" /><testcase classname="tests.unit.test_common_validation.TestFileValidatorConstants" name="test_video_extensions_defined" time="0.000" /><testcase classname="tests.unit.test_common_validation.TestFileValidatorConstants" name="test_media_extensions_is_union" time="0.000" /><testcase classname="tests.unit.test_common_validation.TestFileValidatorConstants" name="test_default_max_file_size" time="0.000" /><testcase classname="tests.unit.test_common_validation.TestFileValidatorConstants" name="test_all_extensions_lowercase" time="0.000" /><testcase classname="tests.unit.test_common_validation.TestEdgeCases" name="test_validate_symlink_file" time="0.001" /><testcase classname="tests.unit.test_common_validation.TestEdgeCases" name="test_validate_very_long_filename" time="0.001" /><testcase classname="tests.unit.test_common_validation.TestEdgeCases" name="test_validate_unicode_filename" time="0.001" /><testcase classname="tests.unit.test_common_validation.TestEdgeCases" name="test_validate_file_with_no_extension" time="0.001" /><testcase classname="tests.unit.test_common_validation.TestEdgeCases" name="test_validate_hidden_file" time="0.001" /><testcase classname="tests.unit.test_common_validation.TestEdgeCases" name="test_validate_with_multiple_dots" time="0.001" /><testcase classname="tests.unit.test_common_validation.TestEdgeCases" name="test_config_validate_with_infinity" time="0.000" /><testcase classname="tests.unit.test_common_validation.TestEdgeCases" name="test_config_validate_with_nan" time="0.000" /><testcase classname="tests.unit.test_concise_analyzer" name="test_concise_analyzer_creates_analysis_file" time="0.001" /><testcase classname="tests.unit.test_concise_analyzer" name="test_concise_analyzer_file_has_content" time="0.001" /><testcase classname="tests.unit.test_concise_analyzer" name="test_header_generation" time="0.000" /><testcase classname="tests.unit.test_concise_analyzer" name="test_overview_with_summary" time="0.000" /><testcase classname="tests.unit.test_concise_analyzer" name="test_overview_without_summary" time="0.000" /><testcase classname="tests.unit.test_concise_analyzer" name="test_key_topics_with_data" time="0.000" /><testcase classname="tests.unit.test_concise_analyzer" name="test_key_topics_without_data" time="0.000" /><testcase classname="tests.unit.test_concise_analyzer" name="test_speaker_insights_with_speakers" time="0.000" /><testcase classname="tests.unit.test_concise_analyzer" name="test_speaker_insights_without_speakers" time="0.000" /><testcase classname="tests.unit.test_concise_analyzer" name="test_sentiment_analysis_with_data" time="0.000" /><testcase classname="tests.unit.test_concise_analyzer" name="test_sentiment_analysis_without_data" time="0.000" /><testcase classname="tests.unit.test_concise_analyzer" name="test_highlights_and_quotes_extraction" time="0.000" /><testcase classname="tests.unit.test_concise_analyzer" name="test_action_items_with_intents" time="0.000" /><testcase classname="tests.unit.test_concise_analyzer" name="test_action_items_without_intents" time="0.000" /><testcase classname="tests.unit.test_concise_analyzer" name="test_timeline_with_chapters" time="0.000" /><testcase classname="tests.unit.test_concise_analyzer" name="test_timeline_with_utterances" time="0.000" /><testcase classname="tests.unit.test_concise_analyzer" name="test_timeline_without_data" time="0.000" /><testcase classname="tests.unit.test_concise_analyzer" name="test_metadata_generation" time="0.000" /><testcase classname="tests.unit.test_concise_analyzer" name="test_format_duration_seconds_only" time="0.000" /><testcase classname="tests.unit.test_concise_analyzer" name="test_format_duration_minutes" time="0.000" /><testcase classname="tests.unit.test_concise_analyzer" name="test_format_duration_hours" time="0.000" /><testcase classname="tests.unit.test_concise_analyzer" name="test_get_sentiment_emoji" time="0.000" /><testcase classname="tests.unit.test_concise_analyzer" name="test_complete_analysis_with_all_features" time="0.001" /><testcase classname="tests.unit.test_concise_analyzer" name="test_analysis_handles_missing_optionals" time="0.001" /><testcase classname="tests.unit.test_concise_analyzer" name="test_output_directory_creation" time="0.001" /><testcase classname="tests.unit.test_config_init.TestHelperFunctions" name="test_parse_bool_with_boolean_true" time="0.000" /><testcase classname="tests.unit.test_config_init.TestHelperFunctions" name="test_parse_bool_with_boolean_false" time="0.000" /><testcase classname="tests.unit.test_config_init.TestHelperFunctions" name="test_parse_bool_with_none" time="0.000" /><testcase classname="tests.unit.test_config_init.TestHelperFunctions" name="test_parse_bool_with_string_true" time="0.000" /><testcase classname="tests.unit.test_config_init.TestHelperFunctions" name="test_parse_bool_with_string_false" time="0.000" /><testcase classname="tests.unit.test_config_init.TestHelperFunctions" name="test_parse_bool_with_string_numeric" time="0.000" /><testcase classname="tests.unit.test_config_init.TestHelperFunctions" name="test_parse_bool_with_string_yes" time="0.000" /><testcase classname="tests.unit.test_config_init.TestHelperFunctions" name="test_parse_bool_with_string_on" time="0.000" /><testcase classname="tests.unit.test_config_init.TestHelperFunctions" name="test_parse_bool_with_string_enabled" time="0.000" /><testcase classname="tests.unit.test_config_init.TestHelperFunctions" name="test_parse_bool_with_invalid_string" time="0.000" /><testcase classname="tests.unit.test_config_init.TestHelperFunctions" name="test_parse_bool_with_empty_string" time="0.000" /><testcase classname="tests.unit.test_config_init.TestHelperFunctions" name="test_parse_bool_with_numeric_values" time="0.000" /><testcase classname="tests.unit.test_config_init.TestHelperFunctions" name="test_parse_list_with_list" time="0.000" /><testcase classname="tests.unit.test_config_init.TestHelperFunctions" name="test_parse_list_with_string" time="0.000" /><testcase classname="tests.unit.test_config_init.TestHelperFunctions" name="test_parse_list_with_string_spaces" time="0.000" /><testcase classname="tests.unit.test_config_init.TestHelperFunctions" name="test_parse_list_with_none" time="0.000" /><testcase classname="tests.unit.test_config_init.TestHelperFunctions" name="test_parse_list_with_empty_string" time="0.000" /><testcase classname="tests.unit.test_config_init.TestHelperFunctions" name="test_parse_list_with_custom_delimiter" time="0.000" /><testcase classname="tests.unit.test_config_init.TestHelperFunctions" name="test_parse_list_ignores_empty_items" time="0.000" /><testcase classname="tests.unit.test_config_init.TestHelperFunctions" name="test_parse_list_with_single_value" time="0.000" /><testcase classname="tests.unit.test_config_init.TestHelperFunctions" name="test_parse_list_with_non_string_non_list" time="0.000" /><testcase classname="tests.unit.test_config_init.TestHelperFunctions" name="test_getenv_with_existing_variable" time="0.001" /><testcase classname="tests.unit.test_config_init.TestHelperFunctions" name="test_getenv_with_missing_variable" time="0.001" /><testcase classname="tests.unit.test_config_init.TestHelperFunctions" name="test_getenv_with_missing_variable_no_default" time="0.001" /><testcase classname="tests.unit.test_config_init.TestHelperFunctions" name="test_getenv_with_empty_value" time="0.001" /><testcase classname="tests.unit.test_config_init.TestHelperFunctions" name="test_getenv_case_sensitive" time="0.001" /><testcase classname="tests.unit.test_config_init.TestConfigInitialization" name="test_config_initialization_defaults" time="0.001" /><testcase classname="tests.unit.test_config_init.TestConfigInitialization" name="test_config_initialization_with_environment_variables" time="0.001" /><testcase classname="tests.unit.test_config_init.TestConfigInitialization" name="test_config_post_init_creates_directories" time="0.001" /><testcase classname="tests.unit.test_config_init.TestConfigInitialization" name="test_config_boolean_fields_parsing" time="0.001" /><testcase classname="tests.unit.test_config_init.TestConfigInitialization" name="test_config_list_fields_parsing" time="0.001" /><testcase classname="tests.unit.test_config_init.TestConfigInitialization" name="test_config_integer_fields_parsing" time="0.001" /><testcase classname="tests.unit.test_config_init.TestConfigInitialization" name="test_config_float_fields_parsing" time="0.001" /><testcase classname="tests.unit.test_config_init.TestConfigInitialization" name="test_config_api_keys_optional" time="0.001" /><testcase classname="tests.unit.test_config_init.TestConfigInitialization" name="test_config_api_keys_from_environment" time="0.001" /><testcase classname="tests.unit.test_config_init.TestConfigProperties" name="test_health_check_enabled_property" time="0.001" /><testcase classname="tests.unit.test_config_init.TestGetConfigSingleton" name="test_get_config_returns_config_instance" time="0.000" /><testcase classname="tests.unit.test_config_init.TestGetConfigSingleton" name="test_get_config_returns_same_instance" time="0.000" /><testcase classname="tests.unit.test_config_init.TestGetConfigSingleton" name="test_get_config_singleton_maintains_state" time="0.000" /><testcase classname="tests.unit.test_config_init.TestConfigEdgeCases" name="test_config_with_empty_string_values" time="0.001" /><testcase classname="tests.unit.test_config_init.TestConfigEdgeCases" name="test_config_path_objects" time="0.000" /><testcase classname="tests.unit.test_config_init.TestConfigEdgeCases" name="test_config_provider_settings_whisper" time="0.001" /><testcase classname="tests.unit.test_config_init.TestConfigEdgeCases" name="test_config_log_level_uppercase_conversion" time="0.001" /><testcase classname="tests.unit.test_config_init.TestConfigEdgeCases" name="test_config_all_timeouts" time="0.001" /><testcase classname="tests.unit.test_config_init.TestConfigExports" name="test_module_all_exports" time="0.000" /><testcase classname="tests.unit.test_config_init.TestConfigExports" name="test_module_imports" time="0.000" /><testcase classname="tests.unit.test_deepgram_provider.TestDeepgramTranscriber" name="test_validate_configuration_with_api_key" time="0.001" /><testcase classname="tests.unit.test_deepgram_provider.TestDeepgramTranscriber" name="test_validate_configuration_without_api_key" time="0.002" /><testcase classname="tests.unit.test_deepgram_provider.TestDeepgramTranscriber" name="test_get_provider_name" time="0.001" /><testcase classname="tests.unit.test_deepgram_provider.TestDeepgramTranscriber" name="test_get_supported_features" time="0.001" /><testcase classname="tests.unit.test_deepgram_provider.TestDeepgramTranscriber" name="test_open_audio_file_returns_file_handle" time="0.003" /><testcase classname="tests.unit.test_deepgram_provider.TestDeepgramTranscriber" name="test_streaming_upload_uses_file_handle" time="0.003" /><testcase classname="tests.unit.test_deepgram_provider.TestDeepgramTranscriber" name="test_large_file_streaming_memory_efficiency" time="0.002" /><testcase classname="tests.unit.test_deepgram_provider.TestDeepgramTranscriber" name="test_normal_file_no_regression" time="0.002" /><testcase classname="tests.unit.test_deepgram_provider.TestDeepgramTranscriber" name="test_file_handle_cleanup_on_error" time="0.000"><skipped type="pytest.skip" message="Integration test - complex async error scenario">/Users/enzolucchesi/Desktop/Manual Library/audio-extraction-analysis/tests/unit/test_deepgram_provider.py:223: Integration test - complex async error scenario</skipped></testcase><testcase classname="tests.unit.test_deepgram_utils.TestDetectMimetype" name="test_detect_mimetype_known_formats[.mp3-audio/mp3]" time="0.000" /><testcase classname="tests.unit.test_deepgram_utils.TestDetectMimetype" name="test_detect_mimetype_known_formats[.wav-audio/wav]" time="0.000" /><testcase classname="tests.unit.test_deepgram_utils.TestDetectMimetype" name="test_detect_mimetype_known_formats[.m4a-audio/mp4]" time="0.000" /><testcase classname="tests.unit.test_deepgram_utils.TestDetectMimetype" name="test_detect_mimetype_known_formats[.mp4-audio/mp4]" time="0.000" /><testcase classname="tests.unit.test_deepgram_utils.TestDetectMimetype" name="test_detect_mimetype_known_formats[.aac-audio/aac]" time="0.000" /><testcase classname="tests.unit.test_deepgram_utils.TestDetectMimetype" name="test_detect_mimetype_known_formats[.flac-audio/flac]" time="0.000" /><testcase classname="tests.unit.test_deepgram_utils.TestDetectMimetype" name="test_detect_mimetype_known_formats[.ogg-audio/ogg]" time="0.000" /><testcase classname="tests.unit.test_deepgram_utils.TestDetectMimetype" name="test_detect_mimetype_known_formats[.webm-audio/webm]" time="0.000" /><testcase classname="tests.unit.test_deepgram_utils.TestDetectMimetype" name="test_detect_mimetype_uppercase_extensions[.MP3-audio/mp3]" time="0.000" /><testcase classname="tests.unit.test_deepgram_utils.TestDetectMimetype" name="test_detect_mimetype_uppercase_extensions[.WAV-audio/wav]" time="0.000" /><testcase classname="tests.unit.test_deepgram_utils.TestDetectMimetype" name="test_detect_mimetype_uppercase_extensions[.M4A-audio/mp4]" time="0.000" /><testcase classname="tests.unit.test_deepgram_utils.TestDetectMimetype" name="test_detect_mimetype_uppercase_extensions[.FLAC-audio/flac]" time="0.000" /><testcase classname="tests.unit.test_deepgram_utils.TestDetectMimetype" name="test_detect_mimetype_mixed_case_extensions[.Mp3-audio/mp3]" time="0.000" /><testcase classname="tests.unit.test_deepgram_utils.TestDetectMimetype" name="test_detect_mimetype_mixed_case_extensions[.WaV-audio/wav]" time="0.000" /><testcase classname="tests.unit.test_deepgram_utils.TestDetectMimetype" name="test_detect_mimetype_mixed_case_extensions[.m4A-audio/mp4]" time="0.000" /><testcase classname="tests.unit.test_deepgram_utils.TestDetectMimetype" name="test_detect_mimetype_unknown_extension" time="0.000" /><testcase classname="tests.unit.test_deepgram_utils.TestDetectMimetype" name="test_detect_mimetype_no_extension" time="0.000" /><testcase classname="tests.unit.test_deepgram_utils.TestDetectMimetype" name="test_detect_mimetype_multiple_dots" time="0.000" /><testcase classname="tests.unit.test_deepgram_utils.TestDetectMimetype" name="test_detect_mimetype_hidden_file" time="0.000" /><testcase classname="tests.unit.test_deepgram_utils.TestDetectMimetype" name="test_detect_mimetype_path_with_directories" time="0.000" /><testcase classname="tests.unit.test_deepgram_utils.TestDetectMimetype" name="test_detect_mimetype_empty_suffix" time="0.000" /><testcase classname="tests.unit.test_deepgram_utils.TestDetectMimetype" name="test_detect_mimetype_windows_path" time="0.000" /><testcase classname="tests.unit.test_deepgram_utils.TestDetectMimetype" name="test_detect_mimetype_complex_nested_path" time="0.000" /><testcase classname="tests.unit.test_deepgram_utils.TestDetectMimetype" name="test_detect_mimetype_backup_extension" time="0.000" /><testcase classname="tests.unit.test_deepgram_utils.TestDetectMimetype" name="test_detect_mimetype_numeric_extension" time="0.000" /><testcase classname="tests.unit.test_deepgram_utils.TestDetectMimetype" name="test_detect_mimetype_very_long_extension" time="0.000" /><testcase classname="tests.unit.test_deepgram_utils.TestBuildPrerecordedOptions" name="test_build_prerecorded_options_creates_correct_object" time="0.001" /><testcase classname="tests.unit.test_deepgram_utils.TestBuildPrerecordedOptions" name="test_build_prerecorded_options_with_different_languages[en-US]" time="0.001" /><testcase classname="tests.unit.test_deepgram_utils.TestBuildPrerecordedOptions" name="test_build_prerecorded_options_with_different_languages[es-ES]" time="0.001" /><testcase classname="tests.unit.test_deepgram_utils.TestBuildPrerecordedOptions" name="test_build_prerecorded_options_with_different_languages[fr-FR]" time="0.001" /><testcase classname="tests.unit.test_deepgram_utils.TestBuildPrerecordedOptions" name="test_build_prerecorded_options_with_different_languages[de-DE]" time="0.001" /><testcase classname="tests.unit.test_deepgram_utils.TestBuildPrerecordedOptions" name="test_build_prerecorded_options_with_different_languages[ja-JP]" time="0.001" /><testcase classname="tests.unit.test_deepgram_utils.TestBuildPrerecordedOptions" name="test_build_prerecorded_options_with_different_languages[zh-CN]" time="0.001" /><testcase classname="tests.unit.test_deepgram_utils.TestBuildPrerecordedOptions" name="test_build_prerecorded_options_with_different_languages[pt-BR]" time="0.001" /><testcase classname="tests.unit.test_deepgram_utils.TestBuildPrerecordedOptions" name="test_build_prerecorded_options_with_different_languages[ru-RU]" time="0.001" /><testcase classname="tests.unit.test_deepgram_utils.TestBuildPrerecordedOptions" name="test_build_prerecorded_options_all_boolean_flags_enabled" time="0.001" /><testcase classname="tests.unit.test_deepgram_utils.TestBuildPrerecordedOptions" name="test_build_prerecorded_options_model_version" time="0.001" /><testcase classname="tests.unit.test_deepgram_utils.TestBuildPrerecordedOptions" name="test_build_prerecorded_options_summarize_version" time="0.001" /><testcase classname="tests.unit.test_deepgram_utils.TestBuildPrerecordedOptions" name="test_build_prerecorded_options_alternatives_count" time="0.001" /><testcase classname="tests.unit.test_deepgram_utils.TestBuildPrerecordedOptions" name="test_build_prerecorded_options_with_empty_string_language" time="0.001" /><testcase classname="tests.unit.test_deepgram_utils.TestBuildPrerecordedOptions" name="test_build_prerecorded_options_preserves_language_casing" time="0.001" /><testcase classname="tests.unit.test_deepgram_utils.TestBuildPrerecordedOptions" name="test_build_prerecorded_options_with_special_characters" time="0.001" /><testcase classname="tests.unit.test_deepgram_utils.TestBuildPrerecordedOptions" name="test_build_prerecorded_options_with_numeric_language" time="0.001" /><testcase classname="tests.unit.test_deepgram_utils.TestBuildPrerecordedOptions" name="test_build_prerecorded_options_with_long_language_code" time="0.001" /><testcase classname="tests.unit.test_elevenlabs_transcriber.TestElevenLabsTranscriberInit" name="test_init_with_api_key" time="0.000" /><testcase classname="tests.unit.test_elevenlabs_transcriber.TestElevenLabsTranscriberInit" name="test_init_with_env_api_key" time="0.001" /><testcase classname="tests.unit.test_elevenlabs_transcriber.TestElevenLabsTranscriberInit" name="test_init_without_api_key_raises_error" time="0.001" /><testcase classname="tests.unit.test_elevenlabs_transcriber.TestElevenLabsTranscriberInit" name="test_validate_configuration_with_key" time="0.000" /><testcase classname="tests.unit.test_elevenlabs_transcriber.TestElevenLabsTranscriberInit" name="test_validate_configuration_without_key" time="0.000" /><testcase classname="tests.unit.test_elevenlabs_transcriber.TestElevenLabsTranscriberMethods" name="test_get_provider_name" time="0.000" /><testcase classname="tests.unit.test_elevenlabs_transcriber.TestElevenLabsTranscriberMethods" name="test_get_supported_features" time="0.000" /><testcase classname="tests.unit.test_elevenlabs_transcriber.TestElevenLabsTranscriberTranscription" name="test_transcribe_async_success" time="0.001" /><testcase classname="tests.unit.test_elevenlabs_transcriber.TestElevenLabsTranscriberTranscription" name="test_transcribe_async_file_not_found" time="0.002" /><testcase classname="tests.unit.test_elevenlabs_transcriber.TestElevenLabsTranscriberTranscription" name="test_transcribe_async_file_too_large" time="0.010" /><testcase classname="tests.unit.test_elevenlabs_transcriber.TestElevenLabsTranscriberTranscription" name="test_transcribe_async_elevenlabs_not_installed" time="0.002" /><testcase classname="tests.unit.test_elevenlabs_transcriber.TestElevenLabsTranscriberTranscription" name="test_transcribe_async_api_error" time="0.004" /><testcase classname="tests.unit.test_elevenlabs_transcriber.TestElevenLabsTranscriberTranscription" name="test_transcribe_async_response_variations" time="0.038" /><testcase classname="tests.unit.test_elevenlabs_transcriber.TestElevenLabsTranscriberTranscription" name="test_transcribe_async_no_segments" time="0.038" /><testcase classname="tests.unit.test_elevenlabs_transcriber.TestElevenLabsTranscriberDurationEstimation" name="test_estimate_audio_duration_with_ffprobe" time="0.001" /><testcase classname="tests.unit.test_elevenlabs_transcriber.TestElevenLabsTranscriberDurationEstimation" name="test_estimate_audio_duration_ffprobe_fail" time="0.001" /><testcase classname="tests.unit.test_elevenlabs_transcriber.TestElevenLabsTranscriberDurationEstimation" name="test_estimate_audio_duration_ffprobe_exception" time="0.001" /><testcase classname="tests.unit.test_elevenlabs_transcriber.TestElevenLabsTranscriberHealthCheck" name="test_health_check_success" time="0.001" /><testcase classname="tests.unit.test_elevenlabs_transcriber.TestElevenLabsTranscriberHealthCheck" name="test_health_check_sdk_not_available" time="0.001" /><testcase classname="tests.unit.test_elevenlabs_transcriber.TestElevenLabsTranscriberHealthCheck" name="test_health_check_api_error" time="0.001" /><testcase classname="tests.unit.test_elevenlabs_transcriber.TestElevenLabsTranscriberHealthCheck" name="test_health_check_timeout" time="10.007" /><testcase classname="tests.unit.test_elevenlabs_transcriber.TestElevenLabsTranscriberChunkedReading" name="test_read_file_chunked_small_file" time="0.003" /><testcase classname="tests.unit.test_elevenlabs_transcriber.TestElevenLabsTranscriberChunkedReading" name="test_read_file_chunked_large_chunks" time="0.023" /><testcase classname="tests.unit.test_elevenlabs_transcriber.TestElevenLabsTranscriberChunkedReading" name="test_read_file_chunked_exceeds_memory_limit" time="0.012" /><testcase classname="tests.unit.test_elevenlabs_transcriber.TestElevenLabsTranscriberChunkedReading" name="test_read_file_chunked_file_not_found" time="0.001" /><testcase classname="tests.unit.test_elevenlabs_transcriber.TestElevenLabsTranscriberChunkedReading" name="test_read_file_chunked_permission_error" time="0.002" /><testcase classname="tests.unit.test_elevenlabs_transcriber.TestElevenLabsTranscriberMemoryManagement" name="test_transcribe_streaming_approach" time="0.043" /><testcase classname="tests.unit.test_elevenlabs_transcriber.TestElevenLabsTranscriberMemoryManagement" name="test_transcribe_validation_failure" time="0.002" /><testcase classname="tests.unit.test_elevenlabs_transcriber.TestElevenLabsTranscriberEdgeCases" name="test_transcribe_language_none" time="0.038" /><testcase classname="tests.unit.test_elevenlabs_transcriber.TestElevenLabsTranscriberEdgeCases" name="test_transcribe_permission_error" time="0.004" /><testcase classname="tests.unit.test_elevenlabs_transcriber.TestElevenLabsTranscriberEdgeCases" name="test_transcribe_memory_error" time="0.004" /><testcase classname="tests.unit.test_elevenlabs_transcriber.TestElevenLabsTranscriberEdgeCases" name="test_transcribe_os_error" time="0.003" /><testcase classname="tests.unit.test_elevenlabs_transcriber.TestElevenLabsTranscriberEdgeCases" name="test_transcribe_value_error" time="0.004" /><testcase classname="tests.unit.test_elevenlabs_transcriber.TestElevenLabsTranscriberEdgeCases" name="test_transcribe_async_timeout" time="10.010" /><testcase classname="tests.unit.test_elevenlabs_transcriber.TestElevenLabsTranscriberIntegration" name="test_full_transcription_workflow" time="0.062" /><testcase classname="tests.unit.test_exceptions.TestBaseException" name="test_create_with_message_only" time="0.000" /><testcase classname="tests.unit.test_exceptions.TestBaseException" name="test_create_with_context" time="0.000" /><testcase classname="tests.unit.test_exceptions.TestBaseException" name="test_create_with_original_error" time="0.000" /><testcase classname="tests.unit.test_exceptions.TestBaseException" name="test_create_with_all_parameters" time="0.000" /><testcase classname="tests.unit.test_exceptions.TestAudioExtractionExceptions" name="test_ffmpeg_not_found_error_creation" time="0.000" /><testcase classname="tests.unit.test_exceptions.TestAudioExtractionExceptions" name="test_ffmpeg_execution_error_with_details" time="0.000" /><testcase classname="tests.unit.test_exceptions.TestAudioExtractionExceptions" name="test_audio_extraction_timeout" time="0.000" /><testcase classname="tests.unit.test_exceptions.TestAudioExtractionExceptions" name="test_unsupported_format_error" time="0.000" /><testcase classname="tests.unit.test_exceptions.TestAudioExtractionExceptions" name="test_audio_file_corrupted_error" time="0.000" /><testcase classname="tests.unit.test_exceptions.TestTranscriptionExceptions" name="test_provider_not_available_error" time="0.000" /><testcase classname="tests.unit.test_exceptions.TestTranscriptionExceptions" name="test_provider_authentication_error" time="0.000" /><testcase classname="tests.unit.test_exceptions.TestTranscriptionExceptions" name="test_provider_rate_limit_error" time="0.000" /><testcase classname="tests.unit.test_exceptions.TestTranscriptionExceptions" name="test_provider_timeout_error" time="0.000" /><testcase classname="tests.unit.test_exceptions.TestTranscriptionExceptions" name="test_provider_api_error_with_http_details" time="0.000" /><testcase classname="tests.unit.test_exceptions.TestTranscriptionExceptions" name="test_transcription_format_error" time="0.000" /><testcase classname="tests.unit.test_exceptions.TestValidationExceptions" name="test_file_not_found_error" time="0.000" /><testcase classname="tests.unit.test_exceptions.TestValidationExceptions" name="test_file_access_error" time="0.000" /><testcase classname="tests.unit.test_exceptions.TestValidationExceptions" name="test_file_size_error" time="0.000" /><testcase classname="tests.unit.test_exceptions.TestValidationExceptions" name="test_path_traversal_error" time="0.000" /><testcase classname="tests.unit.test_exceptions.TestCacheExceptions" name="test_cache_write_error" time="0.000" /><testcase classname="tests.unit.test_exceptions.TestCacheExceptions" name="test_cache_read_error" time="0.000" /><testcase classname="tests.unit.test_exceptions.TestCacheExceptions" name="test_cache_corruption_error" time="0.000" /><testcase classname="tests.unit.test_exceptions.TestUrlIngestionExceptions" name="test_url_download_error" time="0.000" /><testcase classname="tests.unit.test_exceptions.TestUrlIngestionExceptions" name="test_unsupported_url_error" time="0.000" /><testcase classname="tests.unit.test_exceptions.TestConfigurationExceptions" name="test_invalid_config_error" time="0.000" /><testcase classname="tests.unit.test_exceptions.TestConfigurationExceptions" name="test_missing_config_error" time="0.000" /><testcase classname="tests.unit.test_exceptions.TestAnalysisExceptions" name="test_analysis_timeout_error" time="0.000" /><testcase classname="tests.unit.test_exceptions.TestAnalysisExceptions" name="test_analysis_format_error" time="0.000" /><testcase classname="tests.unit.test_exceptions.TestExceptionInheritance" name="test_all_inherit_from_base" time="0.000" /><testcase classname="tests.unit.test_exceptions.TestExceptionInheritance" name="test_specific_inheritance_chains" time="0.000" /><testcase classname="tests.unit.test_exceptions.TestExceptionChaining" name="test_exception_chain_with_original_error" time="0.000" /><testcase classname="tests.unit.test_exceptions.TestExceptionChaining" name="test_can_raise_with_from_clause" time="0.000" /><testcase classname="tests.unit.test_exceptions.TestExceptionMessages" name="test_exception_str_returns_message" time="0.000" /><testcase classname="tests.unit.test_exceptions.TestExceptionMessages" name="test_exception_repr_contains_class_name" time="0.000" /><testcase classname="tests.unit.test_exceptions.TestExceptionMessages" name="test_context_not_in_str" time="0.000" /><testcase classname="tests.unit.test_ffmpeg_core.TestBuildBaseCmd" name="test_base_cmd_structure" time="0.000" /><testcase classname="tests.unit.test_ffmpeg_core.TestBuildBaseCmd" name="test_base_cmd_overwrite_flag" time="0.000" /><testcase classname="tests.unit.test_ffmpeg_core.TestBuildBaseCmd" name="test_base_cmd_path_with_spaces" time="0.000" /><testcase classname="tests.unit.test_ffmpeg_core.TestBuildBaseCmd" name="test_base_cmd_path_with_special_chars" time="0.000" /><testcase classname="tests.unit.test_ffmpeg_core.TestBuildExtractCommands" name="test_high_quality_single_command" time="0.000" /><testcase classname="tests.unit.test_ffmpeg_core.TestBuildExtractCommands" name="test_standard_quality_single_command" time="0.000" /><testcase classname="tests.unit.test_ffmpeg_core.TestBuildExtractCommands" name="test_compressed_quality_single_command" time="0.000" /><testcase classname="tests.unit.test_ffmpeg_core.TestBuildExtractCommands" name="test_speech_quality_two_step_pipeline" time="0.000" /><testcase classname="tests.unit.test_ffmpeg_core.TestBuildExtractCommands" name="test_default_quality_is_speech" time="0.000" /><testcase classname="tests.unit.test_ffmpeg_core.TestBuildExtractCommands" name="test_speech_temp_path_naming" time="0.000" /><testcase classname="tests.unit.test_ffmpeg_core.TestBuildExtractCommands" name="test_all_commands_have_overwrite_flag" time="0.000" /><testcase classname="tests.unit.test_ffmpeg_core.TestBuildExtractCommands" name="test_path_with_spaces_in_commands" time="0.000" /><testcase classname="tests.unit.test_ffmpeg_core.TestBuildExtractCommands" name="test_path_with_special_chars_in_commands" time="0.000" /><testcase classname="tests.unit.test_ffmpeg_core.TestBuildExtractCommands" name="test_quality_case_sensitivity" time="0.000" /><testcase classname="tests.unit.test_ffmpeg_core.TestBuildExtractCommands" name="test_audio_map_parameter_in_all_presets" time="0.000" /><testcase classname="tests.unit.test_ffmpeg_core.TestBuildExtractCommands" name="test_speech_normalization_parameters" time="0.000" /><testcase classname="tests.unit.test_ffmpeg_core.TestBuildExtractCommands" name="test_speech_mono_conversion" time="0.000" /><testcase classname="tests.unit.test_ffmpeg_utils.TestHandleFfmpegErrorsDecorator" name="test_successful_execution" time="0.000" /><testcase classname="tests.unit.test_ffmpeg_utils.TestHandleFfmpegErrorsDecorator" name="test_called_process_error_returns_none" time="0.000" /><testcase classname="tests.unit.test_ffmpeg_utils.TestHandleFfmpegErrorsDecorator" name="test_timeout_expired_returns_none" time="0.000" /><testcase classname="tests.unit.test_ffmpeg_utils.TestHandleFfmpegErrorsDecorator" name="test_file_not_found_returns_none" time="0.000" /><testcase classname="tests.unit.test_ffmpeg_utils.TestHandleFfmpegErrorsDecorator" name="test_permission_error_returns_none" time="0.000" /><testcase classname="tests.unit.test_ffmpeg_utils.TestHandleFfmpegErrorsDecorator" name="test_os_error_returns_none" time="0.000" /><testcase classname="tests.unit.test_ffmpeg_utils.TestHandleFfmpegErrorsDecorator" name="test_value_error_returns_none" time="0.000" /><testcase classname="tests.unit.test_ffmpeg_utils.TestHandleFfmpegErrorsDecorator" name="test_custom_operation_name" time="0.000" /><testcase classname="tests.unit.test_ffmpeg_utils.TestHandleFfmpegErrorsDecorator" name="test_default_operation_name" time="0.000" /><testcase classname="tests.unit.test_ffmpeg_utils.TestHandleFfmpegErrorsDecorator" name="test_none_operation_name" time="0.000" /><testcase classname="tests.unit.test_ffmpeg_utils.TestHandleFfmpegErrorsDecorator" name="test_empty_operation_name" time="0.000" /><testcase classname="tests.unit.test_ffmpeg_utils.TestHandleFfmpegErrorsDecorator" name="test_preserves_function_metadata" time="0.000" /><testcase classname="tests.unit.test_ffmpeg_utils.TestHandleFfmpegErrorsDecorator" name="test_handles_function_with_args" time="0.000" /><testcase classname="tests.unit.test_ffmpeg_utils.TestHandleFfmpegErrorsDecorator" name="test_handles_function_with_kwargs" time="0.000" /><testcase classname="tests.unit.test_ffmpeg_utils.TestHandleFfmpegErrorsDecorator" name="test_called_process_error_with_stderr" time="0.000" /><testcase classname="tests.unit.test_ffmpeg_utils.TestHandleFfmpegErrorsDecorator" name="test_called_process_error_without_stderr" time="0.000" /><testcase classname="tests.unit.test_ffmpeg_utils.TestHandleFfmpegErrorsDecorator" name="test_unhandled_exception_propagates" time="0.001" /><testcase classname="tests.unit.test_ffmpeg_utils.TestHandleFfmpegErrorsDecorator" name="test_returns_none_type_hint" time="0.000" /><testcase classname="tests.unit.test_ffmpeg_utils.TestHandleFfmpegErrorsDecorator" name="test_logs_error_messages" time="0.001" /><testcase classname="tests.unit.test_ffmpeg_utils.TestHandleFfmpegErrorsAsyncDecorator" name="test_successful_async_execution" time="0.001" /><testcase classname="tests.unit.test_ffmpeg_utils.TestHandleFfmpegErrorsAsyncDecorator" name="test_async_called_process_error_returns_none" time="0.001" /><testcase classname="tests.unit.test_ffmpeg_utils.TestHandleFfmpegErrorsAsyncDecorator" name="test_async_timeout_expired_returns_none" time="0.001" /><testcase classname="tests.unit.test_ffmpeg_utils.TestHandleFfmpegErrorsAsyncDecorator" name="test_async_file_not_found_returns_none" time="0.001" /><testcase classname="tests.unit.test_ffmpeg_utils.TestHandleFfmpegErrorsAsyncDecorator" name="test_async_permission_error_returns_none" time="0.001" /><testcase classname="tests.unit.test_ffmpeg_utils.TestHandleFfmpegErrorsAsyncDecorator" name="test_async_os_error_returns_none" time="0.001" /><testcase classname="tests.unit.test_ffmpeg_utils.TestHandleFfmpegErrorsAsyncDecorator" name="test_async_value_error_returns_none" time="0.001" /><testcase classname="tests.unit.test_ffmpeg_utils.TestHandleFfmpegErrorsAsyncDecorator" name="test_async_custom_operation_name" time="0.001" /><testcase classname="tests.unit.test_ffmpeg_utils.TestHandleFfmpegErrorsAsyncDecorator" name="test_async_default_operation_name" time="0.001" /><testcase classname="tests.unit.test_ffmpeg_utils.TestHandleFfmpegErrorsAsyncDecorator" name="test_async_none_operation_name" time="0.001" /><testcase classname="tests.unit.test_ffmpeg_utils.TestHandleFfmpegErrorsAsyncDecorator" name="test_async_empty_operation_name" time="0.001" /><testcase classname="tests.unit.test_ffmpeg_utils.TestHandleFfmpegErrorsAsyncDecorator" name="test_async_preserves_function_metadata" time="0.001" /><testcase classname="tests.unit.test_ffmpeg_utils.TestHandleFfmpegErrorsAsyncDecorator" name="test_async_handles_function_with_args" time="0.001" /><testcase classname="tests.unit.test_ffmpeg_utils.TestHandleFfmpegErrorsAsyncDecorator" name="test_async_handles_function_with_kwargs" time="0.001" /><testcase classname="tests.unit.test_ffmpeg_utils.TestHandleFfmpegErrorsAsyncDecorator" name="test_async_unhandled_exception_propagates" time="0.001" /><testcase classname="tests.unit.test_ffmpeg_utils.TestHandleFfmpegErrorsAsyncDecorator" name="test_async_logs_error_messages" time="0.001" /><testcase classname="tests.unit.test_ffmpeg_utils.TestDecoratorComparison" name="test_sync_and_async_handle_same_errors" time="0.001" /><testcase classname="tests.unit.test_ffmpeg_utils.TestDecoratorComparison" name="test_both_decorators_preserve_metadata" time="0.000" /><testcase classname="tests.unit.test_formatters_init.TestFormattersPackage" name="test_module_import" time="0.000" /><testcase classname="tests.unit.test_formatters_init.TestFormattersPackage" name="test_module_docstring" time="0.000" /><testcase classname="tests.unit.test_formatters_init.TestFormattersPackage" name="test_docstring_content" time="0.000" /><testcase classname="tests.unit.test_formatters_init.TestFormattersPackage" name="test_all_attribute_exists" time="0.000" /><testcase classname="tests.unit.test_formatters_init.TestFormattersPackage" name="test_all_attribute_content" time="0.000" /><testcase classname="tests.unit.test_formatters_init.TestFormattersPackage" name="test_markdown_formatter_exported" time="0.000" /><testcase classname="tests.unit.test_formatters_init.TestFormattersPackage" name="test_markdown_formatting_error_exported" time="0.000" /><testcase classname="tests.unit.test_formatters_init.TestFormattersPackage" name="test_template_not_found_error_exported" time="0.000" /><testcase classname="tests.unit.test_formatters_init.TestFormattersPackage" name="test_direct_import_markdown_formatter" time="0.000" /><testcase classname="tests.unit.test_formatters_init.TestFormattersPackage" name="test_direct_import_markdown_formatting_error" time="0.000" /><testcase classname="tests.unit.test_formatters_init.TestFormattersPackage" name="test_direct_import_template_not_found_error" time="0.000" /><testcase classname="tests.unit.test_formatters_init.TestFormattersPackage" name="test_wildcard_import" time="0.000" /><testcase classname="tests.unit.test_formatters_init.TestFormattersPackage" name="test_no_unexpected_public_exports" time="0.000" /><testcase classname="tests.unit.test_formatters_init.TestFormattersPackage" name="test_markdown_formatter_is_class" time="0.000" /><testcase classname="tests.unit.test_formatters_init.TestFormattersPackage" name="test_markdown_formatting_error_is_exception" time="0.000" /><testcase classname="tests.unit.test_formatters_init.TestFormattersPackage" name="test_template_not_found_error_is_exception" time="0.000" /><testcase classname="tests.unit.test_formatters_init.TestFormattersPackage" name="test_exception_inheritance_chain" time="0.000" /><testcase classname="tests.unit.test_formatters_init.TestFormattersPackage" name="test_import_does_not_raise" time="0.000" /><testcase classname="tests.unit.test_formatters_init.TestFormattersPackage" name="test_import_idempotency" time="0.000" /><testcase classname="tests.unit.test_formatters_init.TestFormattersPackage" name="test_module_name_and_package" time="0.000" /><testcase classname="tests.unit.test_formatters_init.TestFormattersPackage" name="test_submodule_still_accessible" time="0.000" /><testcase classname="tests.unit.test_formatters_init.TestFormattersPackage" name="test_docstring_preservation" time="0.000" /><testcase classname="tests.unit.test_formatters_init.TestFormattersPackage" name="test_exception_instantiation" time="0.000" /><testcase classname="tests.unit.test_formatters_init.TestFormattersPackage" name="test_all_exports_are_defined" time="0.000" /><testcase classname="tests.unit.test_formatters_init.TestFormattersPackage" name="test_exports_match_source_module" time="0.000" /><testcase classname="tests.unit.test_full_analyzer" name="test_full_analyzer_creates_all_files" time="0.002" /><testcase classname="tests.unit.test_full_analyzer" name="test_full_analyzer_handles_missing_optionals" time="0.001" /><testcase classname="tests.unit.test_full_analyzer" name="test_full_analyzer_returns_correct_paths" time="0.001" /><testcase classname="tests.unit.test_full_analyzer" name="test_format_hms_helper" time="0.000" /><testcase classname="tests.unit.test_full_analyzer" name="test_overall_sentiment_helper" time="0.000" /><testcase classname="tests.unit.test_full_analyzer" name="test_fallback_summary_helper" time="0.000" /><testcase classname="tests.unit.test_full_analyzer" name="test_find_action_sentences_helper" time="0.000" /><testcase classname="tests.unit.test_full_analyzer" name="test_approx_timestamp_for_sentence_helper" time="0.000" /><testcase classname="tests.unit.test_full_analyzer" name="test_edge_case_empty_transcript" time="0.001" /><testcase classname="tests.unit.test_full_analyzer" name="test_edge_case_zero_duration" time="0.001" /><testcase classname="tests.unit.test_full_analyzer" name="test_chapter_percentage_calculation" time="0.001" /><testcase classname="tests.unit.test_full_analyzer" name="test_speaker_statistics_in_transcript" time="0.001" /><testcase classname="tests.unit.test_full_analyzer" name="test_output_directory_creation" time="0.001" /><testcase classname="tests.unit.test_full_analyzer" name="test_topics_sorting_by_frequency" time="0.001" /><testcase classname="tests.unit.test_full_analyzer" name="test_insights_with_timestamps" time="0.001" /><testcase classname="tests.unit.test_init.TestSrcPackage" name="test_module_import" time="0.000" /><testcase classname="tests.unit.test_init.TestSrcPackage" name="test_module_docstring" time="0.000" /><testcase classname="tests.unit.test_init.TestSrcPackage" name="test_namespace_package_structure" time="0.000" /><testcase classname="tests.unit.test_init.TestSrcPackage" name="test_docstring_content" time="0.000" /><testcase classname="tests.unit.test_init.TestSrcPackage" name="test_no_unexpected_exports" time="0.000" /><testcase classname="tests.unit.test_logger.TestGetLogger" name="test_get_logger_with_explicit_name" time="0.000" /><testcase classname="tests.unit.test_logger.TestGetLogger" name="test_get_logger_without_name_uses_caller_module" time="0.000" /><testcase classname="tests.unit.test_logger.TestGetLogger" name="test_get_logger_returns_same_instance_for_same_name" time="0.000" /><testcase classname="tests.unit.test_logger.TestGetLogger" name="test_get_logger_with_none_and_no_frame" time="0.001" /><testcase classname="tests.unit.test_logger.TestGetLogger" name="test_get_logger_with_none_and_no_f_back" time="0.001" /><testcase classname="tests.unit.test_logger.TestGetLogger" name="test_get_logger_with_none_and_missing_name" time="0.001" /><testcase classname="tests.unit.test_logger.TestConfigureLogger" name="test_configure_logger_default_settings" time="0.001" /><testcase classname="tests.unit.test_logger.TestConfigureLogger" name="test_configure_logger_custom_level" time="0.000" /><testcase classname="tests.unit.test_logger.TestConfigureLogger" name="test_configure_logger_case_insensitive_level" time="0.000" /><testcase classname="tests.unit.test_logger.TestConfigureLogger" name="test_configure_logger_custom_format" time="0.000" /><testcase classname="tests.unit.test_logger.TestConfigureLogger" name="test_configure_logger_with_file_handler" time="0.001" /><testcase classname="tests.unit.test_logger.TestConfigureLogger" name="test_configure_logger_file_handler_without_path" time="0.000" /><testcase classname="tests.unit.test_logger.TestConfigureLogger" name="test_configure_logger_all_log_levels" time="0.001" /><testcase classname="tests.unit.test_logger.TestConfigureLogger" name="test_configure_logger_invalid_level_raises" time="0.000" /><testcase classname="tests.unit.test_logger.TestConfigureLogger" name="test_configure_logger_with_custom_format_and_file" time="0.001" /><testcase classname="tests.unit.test_logger.TestConfigureLogger" name="test_configure_logger_file_handler_raises_without_directory" time="0.001" /><testcase classname="tests.unit.test_logger.TestLoggerIntegration" name="test_get_logger_and_configure_together" time="0.001" /><testcase classname="tests.unit.test_logger.TestLoggerIntegration" name="test_multiple_loggers_same_configuration" time="0.000" /><testcase classname="tests.unit.test_logger.TestLoggerIntegration" name="test_logger_hierarchy" time="0.000" /><testcase classname="tests.unit.test_logging_factory.TestLoggingFactoryInitialize" name="test_initialize_default_settings" time="0.001" /><testcase classname="tests.unit.test_logging_factory.TestLoggingFactoryInitialize" name="test_initialize_custom_log_dir" time="0.001" /><testcase classname="tests.unit.test_logging_factory.TestLoggingFactoryInitialize" name="test_initialize_custom_level" time="0.001" /><testcase classname="tests.unit.test_logging_factory.TestLoggingFactoryInitialize" name="test_initialize_custom_format" time="0.001" /><testcase classname="tests.unit.test_logging_factory.TestLoggingFactoryInitialize" name="test_initialize_idempotent" time="0.001" /><testcase classname="tests.unit.test_logging_factory.TestLoggingFactoryInitialize" name="test_initialize_creates_missing_directory" time="0.002" /><testcase classname="tests.unit.test_logging_factory.TestLoggingFactoryInitialize" name="test_initialize_sets_module_levels" time="0.001" /><testcase classname="tests.unit.test_logging_factory.TestLoggingFactoryInitialize" name="test_initialize_default_log_dir" time="0.001" /><testcase classname="tests.unit.test_logging_factory.TestLoggingFactoryGetLogger" name="test_get_logger_auto_initializes" time="0.001" /><testcase classname="tests.unit.test_logging_factory.TestLoggingFactoryGetLogger" name="test_get_logger_returns_logger_instance" time="0.001" /><testcase classname="tests.unit.test_logging_factory.TestLoggingFactoryGetLogger" name="test_get_logger_same_instance_for_same_name" time="0.001" /><testcase classname="tests.unit.test_logging_factory.TestLoggingFactoryGetLogger" name="test_get_logger_different_instances_for_different_names" time="0.001" /><testcase classname="tests.unit.test_logging_factory.TestLoggingFactorySetLevel" name="test_set_level_changes_logger_level" time="0.001" /><testcase classname="tests.unit.test_logging_factory.TestLoggingFactorySetLevel" name="test_set_level_works_without_initialization" time="0.000" /><testcase classname="tests.unit.test_logging_factory.TestLoggingFactorySetLevel" name="test_set_level_all_levels" time="0.001" /><testcase classname="tests.unit.test_logging_factory.TestLoggingFactoryConfigureVerbose" name="test_configure_verbose_true_sets_debug" time="0.001" /><testcase classname="tests.unit.test_logging_factory.TestLoggingFactoryConfigureVerbose" name="test_configure_verbose_false_sets_info" time="0.001" /><testcase classname="tests.unit.test_logging_factory.TestLoggingFactoryConfigureVerbose" name="test_configure_verbose_default_is_false" time="0.001" /><testcase classname="tests.unit.test_logging_factory.TestLoggingFactoryConfigureVerbose" name="test_configure_verbose_works_without_initialization" time="0.001" /><testcase classname="tests.unit.test_logging_factory.TestBackwardCompatibility" name="test_standalone_get_logger_function" time="0.001" /><testcase classname="tests.unit.test_logging_factory.TestBackwardCompatibility" name="test_standalone_function_calls_factory" time="0.001" /><testcase classname="tests.unit.test_logging_factory.TestLoggingFactoryIntegration" name="test_full_workflow" time="0.001" /><testcase classname="tests.unit.test_logging_factory.TestLoggingFactoryIntegration" name="test_verbose_mode_workflow" time="0.001" /><testcase classname="tests.unit.test_logging_factory.TestLoggingFactoryIntegration" name="test_multiple_modules_logging" time="0.001" /><testcase classname="tests.unit.test_logging_factory.TestLoggingFactoryIntegration" name="test_level_changes_persist" time="0.001" /><testcase classname="tests.unit.test_markdown_formatter.TestMarkdownFormatter" name="test_format_basic_transcript" time="0.001" /><testcase classname="tests.unit.test_markdown_formatter.TestMarkdownFormatter" name="test_format_with_timestamps" time="0.001" /><testcase classname="tests.unit.test_markdown_formatter.TestMarkdownFormatter" name="test_format_with_speakers" time="0.001" /><testcase classname="tests.unit.test_markdown_formatter.TestMarkdownFormatter" name="test_template_selection" time="0.001" /><testcase classname="tests.unit.test_markdown_formatter.TestMarkdownFormatter" name="test_file_output" time="0.001" /><testcase classname="tests.unit.test_markdown_formatter.TestMarkdownFormatter" name="test_error_handling" time="0.001" /><testcase classname="tests.unit.test_markdown_formatter.TestMarkdownFormatter" name="test_save_transcript_io_error" time="0.001" /><testcase classname="tests.unit.test_markdown_formatter.TestMarkdownFormatter" name="test_sanitize_dirname" time="0.000" /><testcase classname="tests.unit.test_markdown_formatter.TestMarkdownFormatter" name="test_format_timestamp_zero_and_negative" time="0.000" /><testcase classname="tests.unit.test_os_open" name="test_open_path_handles_os_error" time="0.001" /><testcase classname="tests.unit.test_paths_utils.TestSanitizeDirname" name="test_sanitize_dirname_replaces_unsafe" time="0.000" /><testcase classname="tests.unit.test_paths_utils.TestEnsureSubpath" name="test_ensure_subpath_within_root" time="0.001" /><testcase classname="tests.unit.test_paths_utils.TestEnsureSubpath" name="test_ensure_subpath_rejects_escape" time="0.001" /><testcase classname="tests.unit.test_paths_utils.TestEnsureSubpath" name="test_ensure_subpath_string_input" time="0.001" /><testcase classname="tests.unit.test_paths_utils.TestEnsureSubpath" name="test_ensure_subpath_absolute_path_within_root" time="0.001" /><testcase classname="tests.unit.test_paths_utils.TestEnsureSubpath" name="test_ensure_subpath_absolute_path_outside_root" time="0.001" /><testcase classname="tests.unit.test_paths_utils.TestEnsureSubpath" name="test_ensure_subpath_nested_traversal" time="0.001" /><testcase classname="tests.unit.test_paths_utils.TestEnsureSubpath" name="test_ensure_subpath_current_dir" time="0.001" /><testcase classname="tests.unit.test_paths_utils.TestEnsureSubpath" name="test_ensure_subpath_empty_string" time="0.001" /><testcase classname="tests.unit.test_paths_utils.TestEnsureSubpath" name="test_ensure_subpath_deeply_nested" time="0.001" /><testcase classname="tests.unit.test_paths_utils.TestEnsureSubpath" name="test_ensure_subpath_with_dots_in_name" time="0.001" /><testcase classname="tests.unit.test_paths_utils.TestEnsureSubpath" name="test_ensure_subpath_nonexistent_root" time="0.001" /><testcase classname="tests.unit.test_paths_utils.TestEnsureSubpath" name="test_ensure_subpath_both_path_objects" time="0.001" /><testcase classname="tests.unit.test_paths_utils.TestEnsureSubpath" name="test_ensure_subpath_symlink_within_root" time="0.001" /><testcase classname="tests.unit.test_paths_utils.TestEnsureSubpath" name="test_ensure_subpath_symlink_escape_attempt" time="0.001" /><testcase classname="tests.unit.test_paths_utils.TestEnsureSubpath" name="test_ensure_subpath_returns_absolute_path" time="0.001" /><testcase classname="tests.unit.test_paths_utils.TestSafeWriteJson" name="test_safe_write_json_success" time="0.001" /><testcase classname="tests.unit.test_paths_utils.TestSafeWriteJson" name="test_safe_write_json_raises_oserror" time="0.001" /><testcase classname="tests.unit.test_paths_utils.TestSafeWriteJson" name="test_safe_write_json_custom_encoding" time="0.001" /><testcase classname="tests.unit.test_paths_utils.TestSafeWriteJson" name="test_safe_write_json_custom_indent" time="0.001" /><testcase classname="tests.unit.test_paths_utils.TestSafeWriteJson" name="test_safe_write_json_no_indent" time="0.001" /><testcase classname="tests.unit.test_paths_utils.TestSafeWriteJson" name="test_safe_write_json_complex_structure" time="0.001" /><testcase classname="tests.unit.test_paths_utils.TestSafeWriteJson" name="test_safe_write_json_unicode_content" time="0.001" /><testcase classname="tests.unit.test_paths_utils.TestSafeWriteJson" name="test_safe_write_json_overwrites_existing" time="0.001" /><testcase classname="tests.unit.test_paths_utils.TestSafeWriteJson" name="test_safe_write_json_creates_deeply_nested_dirs" time="0.001" /><testcase classname="tests.unit.test_paths_utils.TestSafeWriteJson" name="test_safe_write_json_empty_dict" time="0.001" /><testcase classname="tests.unit.test_paths_utils.TestSafeWriteJson" name="test_safe_write_json_empty_list" time="0.001" /><testcase classname="tests.unit.test_paths_utils.TestSafeWriteJson" name="test_safe_write_json_list_of_dicts" time="0.001" /><testcase classname="tests.unit.test_paths_utils.TestSafeWriteJson" name="test_safe_write_json_special_chars_in_strings" time="0.001" /><testcase classname="tests.unit.test_paths_utils.TestSafeWriteJson" name="test_safe_write_json_permission_error" time="0.001" /><testcase classname="tests.unit.test_paths_utils.TestSafeWriteJson" name="test_safe_write_json_parent_exists" time="0.001" /><testcase classname="tests.unit.test_paths_utils.TestSafeWriteJson" name="test_safe_write_json_large_data" time="0.006" /><testcase classname="tests.unit.test_pipeline_init.TestPipelinePackage" name="test_module_import" time="0.000" /><testcase classname="tests.unit.test_pipeline_init.TestPipelinePackage" name="test_process_pipeline_export" time="0.000" /><testcase classname="tests.unit.test_pipeline_init.TestPipelinePackage" name="test_all_exports" time="0.000" /><testcase classname="tests.unit.test_provider_factory.TestTranscriptionProviderFactoryRegistration" name="test_register_provider" time="0.000"><skipped type="pytest.skip" message="Provider factory integration covered in tests/e2e/test_provider_integration.py">/Users/enzolucchesi/Desktop/Manual Library/audio-extraction-analysis/tests/unit/test_provider_factory.py:99: Provider factory integration covered in tests/e2e/test_provider_integration.py</skipped></testcase><testcase classname="tests.unit.test_provider_factory.TestTranscriptionProviderFactoryRegistration" name="test_get_available_providers" time="0.000"><skipped type="pytest.skip" message="Provider factory integration covered in tests/e2e/test_provider_integration.py">/Users/enzolucchesi/Desktop/Manual Library/audio-extraction-analysis/tests/unit/test_provider_factory.py:109: Provider factory integration covered in tests/e2e/test_provider_integration.py</skipped></testcase><testcase classname="tests.unit.test_provider_factory.TestTranscriptionProviderFactoryRegistration" name="test_get_available_providers_empty" time="0.000"><skipped type="pytest.skip" message="Provider factory integration covered in tests/e2e/test_provider_integration.py">/Users/enzolucchesi/Desktop/Manual Library/audio-extraction-analysis/tests/unit/test_provider_factory.py:121: Provider factory integration covered in tests/e2e/test_provider_integration.py</skipped></testcase><testcase classname="tests.unit.test_provider_factory.TestTranscriptionProviderFactoryConfiguredProviders" name="test_get_configured_providers_none" time="0.000"><skipped type="pytest.skip" message="Provider factory integration covered in tests/e2e/test_provider_integration.py">/Users/enzolucchesi/Desktop/Manual Library/audio-extraction-analysis/tests/unit/test_provider_factory.py:133: Provider factory integration covered in tests/e2e/test_provider_integration.py</skipped></testcase><testcase classname="tests.unit.test_provider_factory.TestTranscriptionProviderFactoryConfiguredProviders" name="test_get_configured_providers_deepgram_only" time="0.000"><skipped type="pytest.skip" message="Provider factory integration covered in tests/e2e/test_provider_integration.py">/Users/enzolucchesi/Desktop/Manual Library/audio-extraction-analysis/tests/unit/test_provider_factory.py:143: Provider factory integration covered in tests/e2e/test_provider_integration.py</skipped></testcase><testcase classname="tests.unit.test_provider_factory.TestTranscriptionProviderFactoryConfiguredProviders" name="test_get_configured_providers_elevenlabs_only" time="0.000"><skipped type="pytest.skip" message="Provider factory integration covered in tests/e2e/test_provider_integration.py">/Users/enzolucchesi/Desktop/Manual Library/audio-extraction-analysis/tests/unit/test_provider_factory.py:156: Provider factory integration covered in tests/e2e/test_provider_integration.py</skipped></testcase><testcase classname="tests.unit.test_provider_factory.TestTranscriptionProviderFactoryConfiguredProviders" name="test_get_configured_providers_both" time="0.000"><skipped type="pytest.skip" message="Provider factory integration covered in tests/e2e/test_provider_integration.py">/Users/enzolucchesi/Desktop/Manual Library/audio-extraction-analysis/tests/unit/test_provider_factory.py:169: Provider factory integration covered in tests/e2e/test_provider_integration.py</skipped></testcase><testcase classname="tests.unit.test_provider_factory.TestTranscriptionProviderFactoryCreateProvider" name="test_create_provider_success" time="0.000"><skipped type="pytest.skip" message="Provider factory integration covered in tests/e2e/test_provider_integration.py">/Users/enzolucchesi/Desktop/Manual Library/audio-extraction-analysis/tests/unit/test_provider_factory.py:187: Provider factory integration covered in tests/e2e/test_provider_integration.py</skipped></testcase><testcase classname="tests.unit.test_provider_factory.TestTranscriptionProviderFactoryCreateProvider" name="test_create_provider_unknown" time="0.000"><skipped type="pytest.skip" message="Provider factory integration covered in tests/e2e/test_provider_integration.py">/Users/enzolucchesi/Desktop/Manual Library/audio-extraction-analysis/tests/unit/test_provider_factory.py:197: Provider factory integration covered in tests/e2e/test_provider_integration.py</skipped></testcase><testcase classname="tests.unit.test_provider_factory.TestTranscriptionProviderFactoryCreateProvider" name="test_create_provider_invalid_config" time="0.000"><skipped type="pytest.skip" message="Provider factory integration covered in tests/e2e/test_provider_integration.py">/Users/enzolucchesi/Desktop/Manual Library/audio-extraction-analysis/tests/unit/test_provider_factory.py:204: Provider factory integration covered in tests/e2e/test_provider_integration.py</skipped></testcase><testcase classname="tests.unit.test_provider_factory.TestTranscriptionProviderFactoryCreateProvider" name="test_create_provider_initialization_error" time="0.000"><skipped type="pytest.skip" message="Provider factory integration covered in tests/e2e/test_provider_integration.py">/Users/enzolucchesi/Desktop/Manual Library/audio-extraction-analysis/tests/unit/test_provider_factory.py:218: Provider factory integration covered in tests/e2e/test_provider_integration.py</skipped></testcase><testcase classname="tests.unit.test_provider_factory.TestTranscriptionProviderFactoryAutoSelection" name="test_auto_select_provider_no_configured" time="0.000"><skipped type="pytest.skip" message="Provider factory integration covered in tests/e2e/test_provider_integration.py">/Users/enzolucchesi/Desktop/Manual Library/audio-extraction-analysis/tests/unit/test_provider_factory.py:236: Provider factory integration covered in tests/e2e/test_provider_integration.py</skipped></testcase><testcase classname="tests.unit.test_provider_factory.TestTranscriptionProviderFactoryAutoSelection" name="test_auto_select_provider_single_configured" time="0.000"><skipped type="pytest.skip" message="Provider factory integration covered in tests/e2e/test_provider_integration.py">/Users/enzolucchesi/Desktop/Manual Library/audio-extraction-analysis/tests/unit/test_provider_factory.py:246: Provider factory integration covered in tests/e2e/test_provider_integration.py</skipped></testcase><testcase classname="tests.unit.test_provider_factory.TestTranscriptionProviderFactoryAutoSelection" name="test_auto_select_provider_file_size_constraint" time="0.000"><skipped type="pytest.skip" message="Provider factory integration covered in tests/e2e/test_provider_integration.py">/Users/enzolucchesi/Desktop/Manual Library/audio-extraction-analysis/tests/unit/test_provider_factory.py:258: Provider factory integration covered in tests/e2e/test_provider_integration.py</skipped></testcase><testcase classname="tests.unit.test_provider_factory.TestTranscriptionProviderFactoryAutoSelection" name="test_auto_select_provider_file_size_no_deepgram" time="0.000"><skipped type="pytest.skip" message="Provider factory integration covered in tests/e2e/test_provider_integration.py">/Users/enzolucchesi/Desktop/Manual Library/audio-extraction-analysis/tests/unit/test_provider_factory.py:273: Provider factory integration covered in tests/e2e/test_provider_integration.py</skipped></testcase><testcase classname="tests.unit.test_provider_factory.TestTranscriptionProviderFactoryAutoSelection" name="test_auto_select_provider_small_file_both_configured" time="0.000"><skipped type="pytest.skip" message="Provider factory integration covered in tests/e2e/test_provider_integration.py">/Users/enzolucchesi/Desktop/Manual Library/audio-extraction-analysis/tests/unit/test_provider_factory.py:285: Provider factory integration covered in tests/e2e/test_provider_integration.py</skipped></testcase><testcase classname="tests.unit.test_provider_factory.TestTranscriptionProviderFactoryAutoSelection" name="test_auto_select_provider_feature_requirements" time="0.000"><skipped type="pytest.skip" message="Provider factory integration covered in tests/e2e/test_provider_integration.py">/Users/enzolucchesi/Desktop/Manual Library/audio-extraction-analysis/tests/unit/test_provider_factory.py:300: Provider factory integration covered in tests/e2e/test_provider_integration.py</skipped></testcase><testcase classname="tests.unit.test_provider_factory.TestTranscriptionProviderFactoryAutoSelection" name="test_auto_select_provider_only_elevenlabs_configured" time="0.000"><skipped type="pytest.skip" message="Provider factory integration covered in tests/e2e/test_provider_integration.py">/Users/enzolucchesi/Desktop/Manual Library/audio-extraction-analysis/tests/unit/test_provider_factory.py:341: Provider factory integration covered in tests/e2e/test_provider_integration.py</skipped></testcase><testcase classname="tests.unit.test_provider_factory.TestTranscriptionProviderFactoryFileValidation" name="test_validate_provider_for_file_nonexistent" time="0.000"><skipped type="pytest.skip" message="Provider factory integration covered in tests/e2e/test_provider_integration.py">/Users/enzolucchesi/Desktop/Manual Library/audio-extraction-analysis/tests/unit/test_provider_factory.py:357: Provider factory integration covered in tests/e2e/test_provider_integration.py</skipped></testcase><testcase classname="tests.unit.test_provider_factory.TestTranscriptionProviderFactoryFileValidation" name="test_validate_provider_for_file_deepgram_small" time="0.000"><skipped type="pytest.skip" message="Provider factory integration covered in tests/e2e/test_provider_integration.py">/Users/enzolucchesi/Desktop/Manual Library/audio-extraction-analysis/tests/unit/test_provider_factory.py:365: Provider factory integration covered in tests/e2e/test_provider_integration.py</skipped></testcase><testcase classname="tests.unit.test_provider_factory.TestTranscriptionProviderFactoryFileValidation" name="test_validate_provider_for_file_deepgram_large" time="0.000"><skipped type="pytest.skip" message="Provider factory integration covered in tests/e2e/test_provider_integration.py">/Users/enzolucchesi/Desktop/Manual Library/audio-extraction-analysis/tests/unit/test_provider_factory.py:373: Provider factory integration covered in tests/e2e/test_provider_integration.py</skipped></testcase><testcase classname="tests.unit.test_provider_factory.TestTranscriptionProviderFactoryFileValidation" name="test_validate_provider_for_file_elevenlabs_small" time="0.000"><skipped type="pytest.skip" message="Provider factory integration covered in tests/e2e/test_provider_integration.py">/Users/enzolucchesi/Desktop/Manual Library/audio-extraction-analysis/tests/unit/test_provider_factory.py:381: Provider factory integration covered in tests/e2e/test_provider_integration.py</skipped></testcase><testcase classname="tests.unit.test_provider_factory.TestTranscriptionProviderFactoryFileValidation" name="test_validate_provider_for_file_elevenlabs_large" time="0.000"><skipped type="pytest.skip" message="Provider factory integration covered in tests/e2e/test_provider_integration.py">/Users/enzolucchesi/Desktop/Manual Library/audio-extraction-analysis/tests/unit/test_provider_factory.py:389: Provider factory integration covered in tests/e2e/test_provider_integration.py</skipped></testcase><testcase classname="tests.unit.test_provider_factory.TestTranscriptionProviderFactoryFileValidation" name="test_validate_provider_for_file_unknown_provider" time="0.000"><skipped type="pytest.skip" message="Provider factory integration covered in tests/e2e/test_provider_integration.py">/Users/enzolucchesi/Desktop/Manual Library/audio-extraction-analysis/tests/unit/test_provider_factory.py:397: Provider factory integration covered in tests/e2e/test_provider_integration.py</skipped></testcase><testcase classname="tests.unit.test_provider_factory.TestTranscriptionProviderFactoryIntegration" name="test_factory_initialization_registers_providers" time="0.000"><skipped type="pytest.skip" message="Provider factory integration covered in tests/e2e/test_provider_integration.py">/Users/enzolucchesi/Desktop/Manual Library/audio-extraction-analysis/tests/unit/test_provider_factory.py:407: Provider factory integration covered in tests/e2e/test_provider_integration.py</skipped></testcase><testcase classname="tests.unit.test_provider_factory.TestTranscriptionProviderFactoryIntegration" name="test_factory_handles_import_errors_gracefully" time="0.000"><skipped type="pytest.skip" message="Provider factory integration covered in tests/e2e/test_provider_integration.py">/Users/enzolucchesi/Desktop/Manual Library/audio-extraction-analysis/tests/unit/test_provider_factory.py:422: Provider factory integration covered in tests/e2e/test_provider_integration.py</skipped></testcase><testcase classname="tests.unit.test_provider_factory.TestTranscriptionProviderFactoryIntegration" name="test_full_workflow_with_factory" time="0.000"><skipped type="pytest.skip" message="Provider factory integration covered in tests/e2e/test_provider_integration.py">/Users/enzolucchesi/Desktop/Manual Library/audio-extraction-analysis/tests/unit/test_provider_factory.py:439: Provider factory integration covered in tests/e2e/test_provider_integration.py</skipped></testcase><testcase classname="tests.unit.test_provider_timeouts" name="test_transcribe_async_enforces_timeout" time="0.012" /><testcase classname="tests.unit.test_provider_timeouts" name="test_transcribe_uses_shared_executor_in_running_loop" time="0.001" /><testcase classname="tests.unit.test_provider_timeouts" name="test_transcribe_defers_coroutine_creation" time="0.001" /><testcase classname="tests.unit.test_provider_utils.TestGetDefaultConfigs" name="test_returns_tuple" time="0.000" /><testcase classname="tests.unit.test_provider_utils.TestGetDefaultConfigs" name="test_returns_retry_config" time="0.000" /><testcase classname="tests.unit.test_provider_utils.TestGetDefaultConfigs" name="test_returns_circuit_breaker_config" time="0.000" /><testcase classname="tests.unit.test_provider_utils.TestGetDefaultConfigs" name="test_uses_custom_retry_config" time="0.000" /><testcase classname="tests.unit.test_provider_utils.TestGetDefaultConfigs" name="test_uses_custom_circuit_config" time="0.000" /><testcase classname="tests.unit.test_provider_utils.TestGetDefaultConfigs" name="test_defaults_from_global_config" time="0.000" /><testcase classname="tests.unit.test_providers_init.TestProvidersPackage" name="test_module_import" time="0.000" /><testcase classname="tests.unit.test_providers_init.TestProvidersPackage" name="test_module_docstring" time="0.000" /><testcase classname="tests.unit.test_providers_init.TestProvidersPackage" name="test_docstring_content" time="0.000" /><testcase classname="tests.unit.test_providers_init.TestProvidersPackage" name="test_all_attribute_exists" time="0.000" /><testcase classname="tests.unit.test_providers_init.TestProvidersPackage" name="test_all_attribute_content" time="0.000" /><testcase classname="tests.unit.test_providers_init.TestProvidersPackage" name="test_base_transcription_provider_exported" time="0.000" /><testcase classname="tests.unit.test_providers_init.TestProvidersPackage" name="test_circuit_breaker_config_exported" time="0.000" /><testcase classname="tests.unit.test_providers_init.TestProvidersPackage" name="test_circuit_breaker_error_exported" time="0.000" /><testcase classname="tests.unit.test_providers_init.TestProvidersPackage" name="test_circuit_breaker_mixin_exported" time="0.000" /><testcase classname="tests.unit.test_providers_init.TestProvidersPackage" name="test_circuit_state_exported" time="0.000"><skipped type="pytest.skip" message="CircuitState removed in favor of boolean _is_open flag">/Users/enzolucchesi/Desktop/Manual Library/audio-extraction-analysis/tests/unit/test_providers_init.py:102: CircuitState removed in favor of boolean _is_open flag</skipped></testcase><testcase classname="tests.unit.test_providers_init.TestProvidersPackage" name="test_transcription_provider_factory_exported" time="0.000" /><testcase classname="tests.unit.test_providers_init.TestProvidersPackage" name="test_direct_import_base_transcription_provider" time="0.000" /><testcase classname="tests.unit.test_providers_init.TestProvidersPackage" name="test_direct_import_circuit_breaker_config" time="0.000" /><testcase classname="tests.unit.test_providers_init.TestProvidersPackage" name="test_direct_import_circuit_breaker_error" time="0.000" /><testcase classname="tests.unit.test_providers_init.TestProvidersPackage" name="test_direct_import_circuit_breaker_mixin" time="0.000" /><testcase classname="tests.unit.test_providers_init.TestProvidersPackage" name="test_direct_import_circuit_state" time="0.000"><skipped type="pytest.skip" message="CircuitState removed in favor of boolean _is_open flag">/Users/enzolucchesi/Desktop/Manual Library/audio-extraction-analysis/tests/unit/test_providers_init.py:157: CircuitState removed in favor of boolean _is_open flag</skipped></testcase><testcase classname="tests.unit.test_providers_init.TestProvidersPackage" name="test_direct_import_transcription_provider_factory" time="0.000" /><testcase classname="tests.unit.test_providers_init.TestProvidersPackage" name="test_wildcard_import" time="0.000" /><testcase classname="tests.unit.test_providers_init.TestProvidersPackage" name="test_no_unexpected_public_exports" time="0.000" /><testcase classname="tests.unit.test_providers_init.TestProvidersPackage" name="test_export_types_are_correct" time="0.000" /><testcase classname="tests.unit.test_providers_init.TestProvidersPackage" name="test_import_does_not_raise" time="0.000" /><testcase classname="tests.unit.test_providers_init.TestProvidersPackage" name="test_circuit_state_enum_values" time="0.000"><skipped type="pytest.skip" message="CircuitState removed in favor of boolean _is_open flag">/Users/enzolucchesi/Desktop/Manual Library/audio-extraction-analysis/tests/unit/test_providers_init.py:260: CircuitState removed in favor of boolean _is_open flag</skipped></testcase><testcase classname="tests.unit.test_providers_init.TestProvidersPackage" name="test_circuit_breaker_error_is_exception" time="0.000" /><testcase classname="tests.unit.test_providers_init.TestProvidersPackage" name="test_circuit_breaker_config_dataclass" time="0.000" /><testcase classname="tests.unit.test_retry.TestRetryConfig" name="test_default_values" time="0.000" /><testcase classname="tests.unit.test_retry.TestRetryConfig" name="test_custom_values" time="0.000" /><testcase classname="tests.unit.test_retry.TestRetryConfig" name="test_validation_max_attempts" time="0.001" /><testcase classname="tests.unit.test_retry.TestRetryConfig" name="test_validation_max_delay" time="0.001" /><testcase classname="tests.unit.test_retry.TestCalculateDelay" name="test_first_attempt_no_delay" time="0.000" /><testcase classname="tests.unit.test_retry.TestCalculateDelay" name="test_exponential_backoff" time="0.000" /><testcase classname="tests.unit.test_retry.TestCalculateDelay" name="test_respects_max_delay" time="0.000" /><testcase classname="tests.unit.test_retry.TestIsRetriableException" name="test_connection_error_is_retriable" time="0.000" /><testcase classname="tests.unit.test_retry.TestIsRetriableException" name="test_timeout_error_is_retriable" time="0.000" /><testcase classname="tests.unit.test_retry.TestIsRetriableException" name="test_value_error_not_retriable" time="0.000" /><testcase classname="tests.unit.test_retry.TestRetrySyncDecorator" name="test_succeeds_without_retry" time="0.000" /><testcase classname="tests.unit.test_retry.TestRetrySyncDecorator" name="test_retries_on_error" time="0.035" /><testcase classname="tests.unit.test_retry.TestRetrySyncDecorator" name="test_exhausts_retries" time="0.014" /><testcase classname="tests.unit.test_retry.TestRetryAsyncDecorator" name="test_succeeds_without_retry" time="0.001" /><testcase classname="tests.unit.test_retry.TestRetryAsyncDecorator" name="test_retries_on_error" time="0.036" /><testcase classname="tests.unit.test_sanitization.TestPathSanitizerSubprocess" name="test_sanitize_simple_path" time="0.001" /><testcase classname="tests.unit.test_sanitization.TestPathSanitizerSubprocess" name="test_sanitize_path_with_spaces" time="0.001" /><testcase classname="tests.unit.test_sanitization.TestPathSanitizerSubprocess" name="test_sanitize_path_with_special_chars" time="0.001" /><testcase classname="tests.unit.test_sanitization.TestPathSanitizerSubprocess" name="test_sanitize_string_path" time="0.001" /><testcase classname="tests.unit.test_sanitization.TestPathSanitizerSubprocess" name="test_sanitize_relative_path" time="0.001" /><testcase classname="tests.unit.test_sanitization.TestPathSanitizerSubprocess" name="test_sanitize_empty_string_path" time="0.000" /><testcase classname="tests.unit.test_sanitization.TestPathSanitizerSubprocess" name="test_sanitize_path_with_quotes" time="0.000" /><testcase classname="tests.unit.test_sanitization.TestPathSanitizerSubprocess" name="test_sanitize_path_with_newline" time="0.001" /><testcase classname="tests.unit.test_sanitization.TestPathSanitizerFilename" name="test_sanitize_simple_filename" time="0.000" /><testcase classname="tests.unit.test_sanitization.TestPathSanitizerFilename" name="test_sanitize_filename_with_spaces" time="0.000" /><testcase classname="tests.unit.test_sanitization.TestPathSanitizerFilename" name="test_sanitize_filename_with_invalid_chars" time="0.000" /><testcase classname="tests.unit.test_sanitization.TestPathSanitizerFilename" name="test_sanitize_filename_custom_replacement" time="0.001" /><testcase classname="tests.unit.test_sanitization.TestPathSanitizerFilename" name="test_sanitize_filename_multiple_replacements_collapsed" time="0.000" /><testcase classname="tests.unit.test_sanitization.TestPathSanitizerFilename" name="test_sanitize_filename_strips_leading_trailing" time="0.000" /><testcase classname="tests.unit.test_sanitization.TestPathSanitizerFilename" name="test_sanitize_empty_filename" time="0.000" /><testcase classname="tests.unit.test_sanitization.TestPathSanitizerFilename" name="test_sanitize_only_invalid_chars" time="0.000" /><testcase classname="tests.unit.test_sanitization.TestPathSanitizerFilename" name="test_sanitize_long_filename" time="0.000" /><testcase classname="tests.unit.test_sanitization.TestPathSanitizerFilename" name="test_sanitize_long_filename_without_extension" time="0.000" /><testcase classname="tests.unit.test_sanitization.TestPathSanitizerFilename" name="test_sanitize_preserves_dots_and_hyphens" time="0.000" /><testcase classname="tests.unit.test_sanitization.TestPathSanitizerFilename" name="test_sanitize_unicode_filename" time="0.000" /><testcase classname="tests.unit.test_sanitization.TestPathSanitizerFilename" name="test_sanitize_filename_with_newline" time="0.000" /><testcase classname="tests.unit.test_sanitization.TestPathSanitizerFilename" name="test_sanitize_filename_with_tab" time="0.000" /><testcase classname="tests.unit.test_sanitization.TestPathSanitizerFilename" name="test_sanitize_filename_ending_with_dots" time="0.000" /><testcase classname="tests.unit.test_sanitization.TestPathSanitizerFilename" name="test_sanitize_filename_starting_with_dot" time="0.000" /><testcase classname="tests.unit.test_sanitization.TestPathSanitizerFilename" name="test_sanitize_filename_very_long_extension" time="0.000" /><testcase classname="tests.unit.test_sanitization.TestPathSanitizerFilename" name="test_sanitize_filename_with_carriage_return" time="0.000" /><testcase classname="tests.unit.test_sanitization.TestPathSanitizerDirname" name="test_sanitize_simple_dirname" time="0.000" /><testcase classname="tests.unit.test_sanitization.TestPathSanitizerDirname" name="test_sanitize_dirname_with_spaces" time="0.000" /><testcase classname="tests.unit.test_sanitization.TestPathSanitizerDirname" name="test_sanitize_dirname_no_dots" time="0.000" /><testcase classname="tests.unit.test_sanitization.TestPathSanitizerDirname" name="test_sanitize_dirname_invalid_chars" time="0.000" /><testcase classname="tests.unit.test_sanitization.TestPathSanitizerDirname" name="test_sanitize_dirname_custom_replacement" time="0.000" /><testcase classname="tests.unit.test_sanitization.TestPathSanitizerDirname" name="test_sanitize_dirname_strips_leading_trailing" time="0.000" /><testcase classname="tests.unit.test_sanitization.TestPathSanitizerDirname" name="test_sanitize_empty_dirname" time="0.000" /><testcase classname="tests.unit.test_sanitization.TestPathSanitizerDirname" name="test_sanitize_long_dirname" time="0.000" /><testcase classname="tests.unit.test_sanitization.TestPathSanitizerDirname" name="test_sanitize_dirname_only_invalid_chars" time="0.000" /><testcase classname="tests.unit.test_sanitization.TestPathSanitizerDirname" name="test_sanitize_dirname_with_newline" time="0.000" /><testcase classname="tests.unit.test_sanitization.TestPathSanitizerDirname" name="test_sanitize_dirname_with_tab" time="0.000" /><testcase classname="tests.unit.test_sanitization.TestPathSanitizerDirname" name="test_sanitize_dirname_starting_with_dot" time="0.000" /><testcase classname="tests.unit.test_sanitization.TestPathSanitizerDirname" name="test_sanitize_dirname_multiple_spaces" time="0.000" /><testcase classname="tests.unit.test_sanitization.TestEnsureSafeSubpath" name="test_ensure_safe_subpath_simple" time="0.001" /><testcase classname="tests.unit.test_sanitization.TestEnsureSafeSubpath" name="test_ensure_safe_subpath_prevents_traversal" time="0.001" /><testcase classname="tests.unit.test_sanitization.TestEnsureSafeSubpath" name="test_ensure_safe_subpath_removes_parent_refs" time="0.001" /><testcase classname="tests.unit.test_sanitization.TestEnsureSafeSubpath" name="test_ensure_safe_subpath_removes_current_refs" time="0.001" /><testcase classname="tests.unit.test_sanitization.TestEnsureSafeSubpath" name="test_ensure_safe_subpath_absolute_raises_error" time="0.002" /><testcase classname="tests.unit.test_sanitization.TestEnsureSafeSubpath" name="test_ensure_safe_subpath_complex_traversal_sanitized" time="0.001" /><testcase classname="tests.unit.test_sanitization.TestEnsureSafeSubpath" name="test_ensure_safe_subpath_empty_path" time="0.001" /><testcase classname="tests.unit.test_sanitization.TestEnsureSafeSubpath" name="test_ensure_safe_subpath_with_backslashes" time="0.001" /><testcase classname="tests.unit.test_sanitization.TestEnsureSafeSubpath" name="test_ensure_safe_subpath_multiple_slashes" time="0.001" /><testcase classname="tests.unit.test_sanitization.TestEnsureSafeSubpath" name="test_ensure_safe_subpath_equals_base" time="0.001" /><testcase classname="tests.unit.test_sanitization.TestEnsureSafeSubpath" name="test_ensure_safe_subpath_only_parent_refs" time="0.001" /><testcase classname="tests.unit.test_sanitization.TestValidatePathSecurity" name="test_validate_safe_path" time="0.001" /><testcase classname="tests.unit.test_sanitization.TestValidatePathSecurity" name="test_validate_path_with_null_byte" time="0.001" /><testcase classname="tests.unit.test_sanitization.TestValidatePathSecurity" name="test_validate_path_with_control_chars" time="0.001" /><testcase classname="tests.unit.test_sanitization.TestValidatePathSecurity" name="test_validate_path_with_semicolon" time="0.000" /><testcase classname="tests.unit.test_sanitization.TestValidatePathSecurity" name="test_validate_path_with_pipe" time="0.000" /><testcase classname="tests.unit.test_sanitization.TestValidatePathSecurity" name="test_validate_path_with_ampersand" time="0.000" /><testcase classname="tests.unit.test_sanitization.TestValidatePathSecurity" name="test_validate_path_with_backtick" time="0.000" /><testcase classname="tests.unit.test_sanitization.TestValidatePathSecurity" name="test_validate_path_with_dollar" time="0.000" /><testcase classname="tests.unit.test_sanitization.TestValidatePathSecurity" name="test_validate_path_with_redirect" time="0.000" /><testcase classname="tests.unit.test_sanitization.TestValidatePathSecurity" name="test_validate_path_allows_brackets" time="0.001" /><testcase classname="tests.unit.test_sanitization.TestValidatePathSecurity" name="test_validate_path_allows_parentheses" time="0.001" /><testcase classname="tests.unit.test_sanitization.TestValidatePathSecurity" name="test_validate_path_with_newline" time="0.000" /><testcase classname="tests.unit.test_sanitization.TestValidatePathSecurity" name="test_validate_path_with_tab" time="0.000" /><testcase classname="tests.unit.test_sanitization.TestValidatePathSecurity" name="test_validate_path_with_carriage_return" time="0.000" /><testcase classname="tests.unit.test_sanitization.TestValidatePathSecurity" name="test_validate_path_with_multiple_dangerous_chars" time="0.000" /><testcase classname="tests.unit.test_sanitization.TestValidatePathSecurity" name="test_validate_path_allows_spaces_and_common_chars" time="0.001" /><testcase classname="tests.unit.test_sanitization.TestGetSafeOutputPath" name="test_get_safe_output_path_default_dir" time="0.001" /><testcase classname="tests.unit.test_sanitization.TestGetSafeOutputPath" name="test_get_safe_output_path_custom_dir" time="0.001" /><testcase classname="tests.unit.test_sanitization.TestGetSafeOutputPath" name="test_get_safe_output_path_custom_suffix" time="0.001" /><testcase classname="tests.unit.test_sanitization.TestGetSafeOutputPath" name="test_get_safe_output_path_sanitizes_name" time="0.001" /><testcase classname="tests.unit.test_sanitization.TestGetSafeOutputPath" name="test_get_safe_output_path_creates_nested_dirs" time="0.001" /><testcase classname="tests.unit.test_sanitization.TestGetSafeOutputPath" name="test_get_safe_output_path_nonexistent_input" time="0.001" /><testcase classname="tests.unit.test_sanitization.TestGetSafeOutputPath" name="test_get_safe_output_path_no_extension" time="0.001" /><testcase classname="tests.unit.test_sanitization.TestGetSafeOutputPath" name="test_get_safe_output_path_preserves_sanitized_stem" time="0.001" /><testcase classname="tests.unit.test_sanitization.TestConvenienceFunctions" name="test_sanitize_path_function" time="0.001" /><testcase classname="tests.unit.test_sanitization.TestConvenienceFunctions" name="test_sanitize_filename_function" time="0.000" /><testcase classname="tests.unit.test_sanitization.TestConvenienceFunctions" name="test_sanitize_dirname_function" time="0.000" /><testcase classname="tests.unit.test_sanitization.TestEdgeCases" name="test_path_with_unicode_and_special_chars" time="0.000" /><testcase classname="tests.unit.test_sanitization.TestEdgeCases" name="test_very_long_path_components" time="0.001" /><testcase classname="tests.unit.test_sanitization.TestEdgeCases" name="test_sanitize_preserves_empty_replacement" time="0.000" /><testcase classname="tests.unit.test_sanitization.TestEdgeCases" name="test_dirname_trailing_replacement_stripped" time="0.000" /><testcase classname="tests.unit.test_sanitization.TestEdgeCases" name="test_filename_only_whitespace" time="0.000" /><testcase classname="tests.unit.test_sanitization.TestEdgeCases" name="test_dirname_only_whitespace" time="0.000" /><testcase classname="tests.unit.test_sanitization.TestEdgeCases" name="test_combined_sanitization_workflow" time="0.001" /><testcase classname="tests.unit.test_sanitization.TestEdgeCases" name="test_ensure_safe_subpath_with_sanitized_components" time="0.001" /><testcase classname="tests.unit.test_sanitization_hardening" name="test_sanitize_filename_strips_control_chars" time="0.000" /><testcase classname="tests.unit.test_sanitization_hardening" name="test_sanitize_dirname_strips_control_chars" time="0.000" /><testcase classname="tests.unit.test_simple_pipeline" name="test_process_pipeline_full_analysis" time="0.003" /><testcase classname="tests.unit.test_simple_pipeline" name="test_process_pipeline_concise_analysis" time="0.002" /><testcase classname="tests.unit.test_simple_pipeline" name="test_process_pipeline_transcription_failure" time="0.002" /><testcase classname="tests.unit.test_transcription_progress.TestTranscriptionServiceProgress" name="test_import_works" time="0.001" /><testcase classname="tests.unit.test_transcription_progress.TestTranscriptionServiceProgress" name="test_transcribe_with_progress_method_exists" time="0.000" /><testcase classname="tests.unit.test_transcription_progress.TestTranscriptionServiceProgress" name="test_get_provider_speed_method_exists" time="0.000" /><testcase classname="tests.unit.test_transcription_progress.TestTranscriptionServiceProgress" name="test_calculate_sigmoid_progress_method_exists" time="0.000" /><testcase classname="tests.unit.test_transcription_service.TestTranscriptionDataclasses" name="test_transcription_speaker" time="0.000" /><testcase classname="tests.unit.test_transcription_service.TestTranscriptionDataclasses" name="test_transcription_chapter" time="0.000" /><testcase classname="tests.unit.test_transcription_service.TestTranscriptionDataclasses" name="test_transcription_utterance" time="0.000" /><testcase classname="tests.unit.test_transcription_service.TestTranscriptionDataclasses" name="test_transcription_result_initialization" time="0.000" /><testcase classname="tests.unit.test_transcription_service.TestDeepgramTranscriber" name="test_init_with_api_key" time="0.000" /><testcase classname="tests.unit.test_transcription_service.TestDeepgramTranscriber" name="test_init_with_config_api_key" time="0.000" /><testcase classname="tests.unit.test_transcription_service.TestDeepgramTranscriber" name="test_init_without_api_key" time="0.000" /><testcase classname="tests.unit.test_transcription_service.TestDeepgramTranscriber" name="test_transcribe_async_file_not_found" time="0.001" /><testcase classname="tests.unit.test_transcription_service.TestDeepgramTranscriber" name="test_transcribe_async_success" time="0.002" /><testcase classname="tests.unit.test_transcription_service.TestDeepgramTranscriber" name="test_transcribe_sync_wrapper" time="0.002" /><testcase classname="tests.unit.test_transcription_service.TestErrorHandling" name="test_transcribe_async_deepgram_error" time="0.001" /><testcase classname="tests.unit.test_transcription_service.TestErrorHandling" name="test_sync_transcribe_error_handling" time="0.001" /><testcase classname="tests.unit.test_transcription_service.TestAdvancedFeatures" name="test_complex_response_parsing" time="0.001" /><testcase classname="tests.unit.test_tui_config_screen" name="test_on_input_changed_updates_state" time="0.001" /><testcase classname="tests.unit.test_tui_config_screen" name="test_on_select_changed_updates_defaults" time="0.001" /><testcase classname="tests.unit.test_tui_config_screen" name="test_action_start_run_missing_input" time="0.001" /><testcase classname="tests.unit.test_tui_config_screen" name="test_action_start_run_success" time="0.001" /><testcase classname="tests.unit.test_tui_config_screen" name="test_action_reset_defaults" time="0.001" /><testcase classname="tests.unit.test_tui_config_screen" name="test_action_back_invokes_app" time="0.001" /><testcase classname="tests.unit.test_tui_event_consumer.TestEventConsumerConfig" name="test_default_config" time="0.000" /><testcase classname="tests.unit.test_tui_event_consumer.TestEventConsumerConfig" name="test_custom_config" time="0.000" /><testcase classname="tests.unit.test_tui_event_consumer.TestEventConsumerBatching" name="test_batches_events_at_throttle_interval" time="0.313" /><testcase classname="tests.unit.test_tui_event_consumer.TestEventConsumerBatching" name="test_empty_queue_produces_no_batch" time="0.203" /><testcase classname="tests.unit.test_tui_event_consumer.TestEventConsumerCoalescing" name="test_coalesces_progress_events" time="0.154" /><testcase classname="tests.unit.test_tui_event_consumer.TestEventConsumerCoalescing" name="test_coalesces_per_stage" time="0.205" /><testcase classname="tests.unit.test_tui_event_consumer.TestEventConsumerCoalescing" name="test_non_progress_events_not_coalesced" time="0.153" /><testcase classname="tests.unit.test_tui_event_consumer.TestEventConsumerCoalescing" name="test_coalescing_disabled" time="0.156" /><testcase classname="tests.unit.test_tui_event_consumer.TestEventConsumerLifecycle" name="test_consumer_starts_and_stops_gracefully" time="0.166" /><testcase classname="tests.unit.test_tui_event_consumer.TestEventConsumerLifecycle" name="test_multiple_start_stop_cycles" time="0.310" /><testcase classname="tests.unit.test_tui_event_consumer.TestEventConsumerLifecycle" name="test_stop_flushes_pending_events" time="0.055" /><testcase classname="tests.unit.test_tui_event_consumer.TestEventConsumerLifecycle" name="test_stop_returns_when_queue_idle" time="0.013" /><testcase classname="tests.unit.test_tui_event_consumer.TestEventConsumerMixedEvents" name="test_mixed_events_batch_correctly" time="0.206" /><testcase classname="tests.unit.test_tui_event_consumer.TestEventConsumerMixedEvents" name="test_batch_ordering_preserved_within_type" time="0.204" /><testcase classname="tests.unit.test_tui_event_consumer.TestEventConsumerQueuePolicies" name="test_create_queue_respects_max_size" time="0.001" /><testcase classname="tests.unit.test_tui_event_consumer.TestEventConsumerQueuePolicies" name="test_oldest_drop_policy_evicts_oldest" time="0.001" /><testcase classname="tests.unit.test_tui_event_consumer.TestEventConsumerQueuePolicies" name="test_newest_drop_policy_discards_new_event" time="0.001" /><testcase classname="tests.unit.test_tui_health_service.TestHealthService" name="test_check_all_providers" time="0.003" /><testcase classname="tests.unit.test_tui_health_service.TestHealthService" name="test_check_provider_caching" time="0.002" /><testcase classname="tests.unit.test_tui_health_service.TestHealthService" name="test_check_provider_cache_expiry" time="0.153" /><testcase classname="tests.unit.test_tui_health_service.TestHealthService" name="test_check_provider_error_handling" time="0.002" /><testcase classname="tests.unit.test_tui_health_service.TestHealthService" name="test_check_all_providers_parallel_execution" time="0.108" /><testcase classname="tests.unit.test_tui_health_service.TestHealthService" name="test_check_all_providers_exception_handling" time="0.002" /><testcase classname="tests.unit.test_tui_health_service.TestHealthService" name="test_clear_cache" time="0.001" /><testcase classname="tests.unit.test_tui_home_screen" name="test_start_dir_alias" time="0.002" /><testcase classname="tests.unit.test_tui_home_screen" name="test_on_mount_configures_table" time="0.002" /><testcase classname="tests.unit.test_tui_home_screen" name="test_action_select_file_from_tree" time="0.002" /><testcase classname="tests.unit.test_tui_home_screen" name="test_action_select_file_from_recent" time="0.002" /><testcase classname="tests.unit.test_tui_home_screen" name="test_action_select_file_directory_warns" time="0.002" /><testcase classname="tests.unit.test_tui_home_screen" name="test_action_refresh_recent_adds_placeholder" time="0.002" /><testcase classname="tests.unit.test_tui_home_screen" name="test_action_back_pops_screen" time="0.002" /><testcase classname="tests.unit.test_tui_home_screen" name="test_on_input_submitted_sets_filter" time="0.001" /><testcase classname="tests.unit.test_tui_home_screen" name="test_on_input_changed_sets_filter_dynamically" time="0.001" /><testcase classname="tests.unit.test_tui_os_open.TestOsOpen" name="test_open_path_nonexistent_returns_false" time="0.000" /><testcase classname="tests.unit.test_tui_os_open.TestOsOpen" name="test_open_path_macos" time="0.002" /><testcase classname="tests.unit.test_tui_os_open.TestOsOpen" name="test_open_path_windows" time="0.001" /><testcase classname="tests.unit.test_tui_os_open.TestOsOpen" name="test_open_path_linux" time="0.002" /><testcase classname="tests.unit.test_tui_os_open.TestOsOpen" name="test_open_path_unsupported_platform" time="0.001" /><testcase classname="tests.unit.test_tui_os_open.TestOsOpen" name="test_open_path_subprocess_error" time="0.001" /><testcase classname="tests.unit.test_tui_os_open.TestOsOpen" name="test_open_path_command_not_found" time="0.001" /><testcase classname="tests.unit.test_tui_os_open.TestOsOpen" name="test_open_folder" time="0.001" /><testcase classname="tests.unit.test_tui_os_open.TestOsOpen" name="test_open_path_platform_commands[Darwin-expected_cmd0]" time="0.001" /><testcase classname="tests.unit.test_tui_os_open.TestOsOpen" name="test_open_path_platform_commands[Windows-expected_cmd1]" time="0.002" /><testcase classname="tests.unit.test_tui_os_open.TestOsOpen" name="test_open_path_platform_commands[Linux-expected_cmd2]" time="0.001" /><testcase classname="tests.unit.test_tui_persistence" name="test_load_settings_merges_defaults" time="0.002" /><testcase classname="tests.unit.test_tui_persistence" name="test_save_settings_writes_file" time="0.002" /><testcase classname="tests.unit.test_tui_persistence" name="test_save_recent_files_handles_missing_config" time="0.000" /><testcase classname="tests.unit.test_tui_persistence" name="test_save_recent_files_writes_payload" time="0.002" /><testcase classname="tests.unit.test_tui_persistence" name="test_add_recent_file_inserts_entry" time="0.001" /><testcase classname="tests.unit.test_tui_persistence" name="test_clear_recent_files_writes_empty" time="0.001" /><testcase classname="tests.unit.test_tui_run_screen" name="test_ensure_runtime_context_from_state" time="0.001" /><testcase classname="tests.unit.test_tui_run_screen" name="test_action_cancel_disables_button" time="0.002" /><testcase classname="tests.unit.test_tui_run_screen" name="test_action_open_output_success" time="0.002" /><testcase classname="tests.unit.test_tui_run_screen" name="test_run_pipeline_with_events_invokes_service" time="0.002" /><testcase classname="tests.unit.test_tui_run_service.TestRunService" name="test_run_pipeline_success" time="0.001" /><testcase classname="tests.unit.test_tui_run_service.TestRunService" name="test_run_pipeline_sets_event_sink" time="0.001" /><testcase classname="tests.unit.test_tui_run_service.TestRunService" name="test_run_pipeline_cancellation_emits_event" time="0.103" /><testcase classname="tests.unit.test_tui_run_service.TestRunService" name="test_run_pipeline_error_emits_event" time="0.002" /><testcase classname="tests.unit.test_tui_run_service.TestRunService" name="test_run_pipeline_quality_enum_conversion" time="0.001" /><testcase classname="tests.unit.test_tui_run_service.TestRunService" name="test_run_pipeline_event_sink_cleanup_on_error" time="0.002" /><testcase classname="tests.unit.test_tui_run_service.TestRunService" name="test_run_pipeline_url_download_emits_stage_events" time="0.002" /><testcase classname="tests.unit.test_tui_state_reducer.TestAppendToRing" name="test_append_within_limit" time="0.001" /><testcase classname="tests.unit.test_tui_state_reducer.TestAppendToRing" name="test_append_exceeds_limit" time="0.019" /><testcase classname="tests.unit.test_tui_state_reducer.TestAppendToRing" name="test_ring_buffer_keeps_head_and_tail" time="0.006" /><testcase classname="tests.unit.test_tui_state_reducer.TestAppendToRing" name="test_ring_buffer_truncation_marker_has_count" time="0.010" /><testcase classname="tests.unit.test_tui_state_reducer.TestApplyEventStageStart" name="test_stage_start_updates_state" time="0.000" /><testcase classname="tests.unit.test_tui_state_reducer.TestApplyEventStageStart" name="test_stage_start_immutable" time="0.000" /><testcase classname="tests.unit.test_tui_state_reducer.TestApplyEventStageProgress" name="test_stage_progress_updates_completed" time="0.000" /><testcase classname="tests.unit.test_tui_state_reducer.TestApplyEventStageProgress" name="test_stage_progress_coalescing" time="0.001" /><testcase classname="tests.unit.test_tui_state_reducer.TestApplyEventStageProgress" name="test_stage_progress_dynamic_total" time="0.000" /><testcase classname="tests.unit.test_tui_state_reducer.TestApplyEventStageProgress" name="test_stage_progress_with_message" time="0.000" /><testcase classname="tests.unit.test_tui_state_reducer.TestApplyEventStageEnd" name="test_stage_end_records_duration" time="0.000" /><testcase classname="tests.unit.test_tui_state_reducer.TestApplyEventArtifact" name="test_artifact_appends_to_list" time="0.000" /><testcase classname="tests.unit.test_tui_state_reducer.TestApplyEventArtifact" name="test_multiple_artifacts" time="0.000" /><testcase classname="tests.unit.test_tui_state_reducer.TestApplyEventLogs" name="test_log_event_appends_to_logs" time="0.000" /><testcase classname="tests.unit.test_tui_state_reducer.TestApplyEventLogs" name="test_warning_event" time="0.000" /><testcase classname="tests.unit.test_tui_state_reducer.TestApplyEventLogs" name="test_error_event_adds_to_logs_and_errors" time="0.000" /><testcase classname="tests.unit.test_tui_state_reducer.TestApplyEventLogs" name="test_log_ring_buffer" time="0.056" /><testcase classname="tests.unit.test_tui_state_reducer.TestApplyEventSummary" name="test_summary_event" time="0.000" /><testcase classname="tests.unit.test_tui_state_reducer.TestApplyEventCancelled" name="test_cancelled_event" time="0.000" /><testcase classname="tests.unit.test_tui_state_reducer.TestApplyEventCancelled" name="test_cancelled_default_reason" time="0.000" /><testcase classname="tests.unit.test_tui_state_reducer.TestApplyEventUnknown" name="test_unknown_event_preserves_state" time="0.000" /><testcase classname="tests.unit.test_tui_state_reducer.TestApplyEventIntegration" name="test_full_pipeline_event_sequence" time="0.000" /><testcase classname="tests.unit.test_tui_widgets.TestProgressBoard" name="test_progress_board_initialization" time="0.000" /><testcase classname="tests.unit.test_tui_widgets.TestProgressBoard" name="test_stage_status_pending" time="0.000" /><testcase classname="tests.unit.test_tui_widgets.TestProgressBoard" name="test_stage_status_running" time="0.000" /><testcase classname="tests.unit.test_tui_widgets.TestProgressBoard" name="test_stage_status_complete" time="0.000" /><testcase classname="tests.unit.test_tui_widgets.TestProgressBoard" name="test_stage_status_error" time="0.000" /><testcase classname="tests.unit.test_tui_widgets.TestProgressBoard" name="test_eta_calculation_no_progress" time="0.000" /><testcase classname="tests.unit.test_tui_widgets.TestProgressBoard" name="test_eta_calculation_with_progress" time="0.000" /><testcase classname="tests.unit.test_tui_widgets.TestProgressBoard" name="test_eta_calculation_max_time" time="0.000" /><testcase classname="tests.unit.test_tui_widgets.TestProgressBoard" name="test_render_stage_card_pending" time="0.000" /><testcase classname="tests.unit.test_tui_widgets.TestProgressBoard" name="test_render_stage_card_running" time="0.000" /><testcase classname="tests.unit.test_tui_widgets.TestProgressBoard" name="test_render_stage_card_complete" time="0.000" /><testcase classname="tests.unit.test_tui_widgets.TestLogPanel" name="test_log_panel_initialization" time="0.000" /><testcase classname="tests.unit.test_tui_widgets.TestLogPanel" name="test_filter_logs_all" time="0.000" /><testcase classname="tests.unit.test_tui_widgets.TestLogPanel" name="test_filter_logs_info_plus" time="0.000" /><testcase classname="tests.unit.test_tui_widgets.TestLogPanel" name="test_filter_logs_warning_plus" time="0.000" /><testcase classname="tests.unit.test_tui_widgets.TestLogPanel" name="test_filter_logs_error_only" time="0.000" /><testcase classname="tests.unit.test_tui_widgets.TestLogPanel" name="test_format_timestamp" time="0.000" /><testcase classname="tests.unit.test_tui_widgets.TestLogPanel" name="test_format_level" time="0.000" /><testcase classname="tests.unit.test_tui_widgets.TestLogPanel" name="test_format_message_truncation" time="0.000" /><testcase classname="tests.unit.test_tui_widgets.TestLogPanel" name="test_format_message_no_truncation" time="0.000" /><testcase classname="tests.unit.test_tui_widgets.TestLogPanel" name="test_action_filter_all" time="0.000" /><testcase classname="tests.unit.test_tui_widgets.TestLogPanel" name="test_action_filter_info" time="0.000" /><testcase classname="tests.unit.test_tui_widgets.TestLogPanel" name="test_action_filter_warning" time="0.000" /><testcase classname="tests.unit.test_tui_widgets.TestLogPanel" name="test_action_filter_error" time="0.000" /><testcase classname="tests.unit.test_tui_widgets.TestLogPanel" name="test_log_panel_handles_empty_logs" time="0.001" /><testcase classname="tests.unit.test_tui_widgets.TestLogPanel" name="test_log_panel_limits_display" time="0.000" /><testcase classname="tests.unit.test_ui_console.TestConsoleManager" name="test_json_output_mode" time="0.000" /><testcase classname="tests.unit.test_ui_console.TestConsoleManager" name="test_progress_context_fallback" time="0.000" /><testcase classname="tests.unit.test_ui_console.TestConsoleManager" name="test_tty_detection" time="0.001" /><testcase classname="tests.unit.test_ui_console.TestConsoleManager" name="test_setup_logging_json_mode" time="0.000" /><testcase classname="tests.unit.test_ui_console.TestConsoleManager" name="test_setup_logging_rich_mode" time="0.000" /><testcase classname="tests.unit.test_ui_console.TestConsoleManager" name="test_print_summary_json_mode" time="0.001" /><testcase classname="tests.unit.test_ui_console.TestConsoleManager" name="test_print_summary_plain_mode" time="0.000" /><testcase classname="tests.unit.test_ui_console.TestConsoleManager" name="test_log_error_json_mode" time="0.000" /><testcase classname="tests.unit.test_ui_console.TestConsoleManager" name="test_log_error_plain_mode" time="0.000" /><testcase classname="tests.unit.test_ui_console.TestConsoleManager" name="test_sanitize_string_field" time="0.000" /><testcase classname="tests.unit.test_ui_console.TestConsoleManager" name="test_sanitize_numeric_field" time="0.000" /><testcase classname="tests.unit.test_ui_console.TestConsoleManager" name="test_sanitize_json_value_nested" time="0.000" /><testcase classname="tests.unit.test_ui_console.TestConsoleManager" name="test_sanitize_json_value_limits" time="0.001" /><testcase classname="tests.unit.test_ui_console.TestJsonProgressTracker" name="test_json_progress_update" time="0.000" /><testcase classname="tests.unit.test_ui_console.TestJsonProgressTracker" name="test_json_progress_description_update" time="0.000" /><testcase classname="tests.unit.test_ui_console.TestJsonProgressTracker" name="test_json_progress_sanitization" time="0.000" /><testcase classname="tests.unit.test_ui_console.TestJsonProgressTracker" name="test_json_progress_thread_safety" time="0.001" /><testcase classname="tests.unit.test_ui_console.TestFallbackProgressTracker" name="test_fallback_progress_update" time="0.000" /><testcase classname="tests.unit.test_ui_console.TestFallbackProgressTracker" name="test_fallback_description_override" time="0.000" /><testcase classname="tests.unit.test_ui_console.TestFallbackProgressTracker" name="test_fallback_thread_safety" time="0.001" /><testcase classname="tests.unit.test_ui_console.TestRichProgressTracker" name="test_rich_progress_update" time="0.000" /><testcase classname="tests.unit.test_ui_console.TestRichProgressTracker" name="test_rich_progress_throttling" time="0.000" /><testcase classname="tests.unit.test_ui_console.TestRichProgressTracker" name="test_rich_progress_description_update" time="0.000" /><testcase classname="tests.unit.test_ui_console.TestRichProgressTracker" name="test_rich_progress_thread_safety" time="0.001" /><testcase classname="tests.unit.test_ui_package_init.TestUIPackageInit" name="test_module_can_be_imported" time="0.000" /><testcase classname="tests.unit.test_ui_package_init.TestUIPackageInit" name="test_console_manager_exposed_at_package_level" time="0.000" /><testcase classname="tests.unit.test_ui_package_init.TestUIPackageInit" name="test_console_manager_is_correct_class" time="0.000" /><testcase classname="tests.unit.test_ui_package_init.TestUIPackageInit" name="test_all_attribute_exists" time="0.000" /><testcase classname="tests.unit.test_ui_package_init.TestUIPackageInit" name="test_all_contains_console_manager" time="0.000" /><testcase classname="tests.unit.test_ui_package_init.TestUIPackageInit" name="test_all_only_exports_intended_items" time="0.000" /><testcase classname="tests.unit.test_ui_package_init.TestUIPackageInit" name="test_module_docstring_exists" time="0.000" /><testcase classname="tests.unit.test_ui_package_init.TestUIPackageInit" name="test_module_docstring_content" time="0.000" /><testcase classname="tests.unit.test_ui_package_init.TestUIPackageInit" name="test_no_unwanted_imports_in_namespace" time="0.000" /><testcase classname="tests.unit.test_ui_package_init.TestUIPackageInit" name="test_console_manager_instantiation_from_package" time="0.000" /><testcase classname="tests.unit.test_ui_package_init.TestUIPackageInit" name="test_package_reload_safety" time="0.000" /><testcase classname="tests.unit.test_ui_package_init.TestUIPackageInit" name="test_star_import_behavior" time="0.000" /><testcase classname="tests.unit.test_ui_package_init.TestUIPackageInit" name="test_package_name_attribute" time="0.000" /><testcase classname="tests.unit.test_ui_package_init.TestUIPackageInit" name="test_console_manager_from_package_is_functional" time="0.000" /><testcase classname="tests.unit.test_utils_init.TestUtilsPackage" name="test_module_import" time="0.000" /><testcase classname="tests.unit.test_utils_init.TestUtilsPackage" name="test_module_docstring" time="0.000" /><testcase classname="tests.unit.test_utils_init.TestUtilsPackage" name="test_docstring_content" time="0.000" /><testcase classname="tests.unit.test_utils_init.TestUtilsPackage" name="test_all_attribute_exists" time="0.000" /><testcase classname="tests.unit.test_utils_init.TestUtilsPackage" name="test_all_attribute_content" time="0.000" /><testcase classname="tests.unit.test_utils_init.TestUtilsPackage" name="test_retry_config_exported" time="0.000" /><testcase classname="tests.unit.test_utils_init.TestUtilsPackage" name="test_retry_exhausted_error_exported" time="0.000" /><testcase classname="tests.unit.test_utils_init.TestUtilsPackage" name="test_calculate_delay_exported" time="0.000" /><testcase classname="tests.unit.test_utils_init.TestUtilsPackage" name="test_is_retriable_exception_exported" time="0.000" /><testcase classname="tests.unit.test_utils_init.TestUtilsPackage" name="test_retry_async_exported" time="0.000" /><testcase classname="tests.unit.test_utils_init.TestUtilsPackage" name="test_retry_on_network_error_exported" time="0.000" /><testcase classname="tests.unit.test_utils_init.TestUtilsPackage" name="test_retry_on_network_error_async_exported" time="0.000" /><testcase classname="tests.unit.test_utils_init.TestUtilsPackage" name="test_retry_sync_exported" time="0.000" /><testcase classname="tests.unit.test_utils_init.TestUtilsPackage" name="test_direct_import_retry_config" time="0.000" /><testcase classname="tests.unit.test_utils_init.TestUtilsPackage" name="test_direct_import_retry_exhausted_error" time="0.000" /><testcase classname="tests.unit.test_utils_init.TestUtilsPackage" name="test_direct_import_all_functions" time="0.000" /><testcase classname="tests.unit.test_utils_init.TestUtilsPackage" name="test_wildcard_import" time="0.000" /><testcase classname="tests.unit.test_utils_init.TestUtilsPackage" name="test_no_unexpected_public_exports" time="0.000"><skipped type="pytest.skip" message="Minor exports check - not critical">/Users/enzolucchesi/Projects/audio-extraction-analysis/tests/unit/test_utils_init.py:208: Minor exports check - not critical</skipped></testcase><testcase classname="tests.unit.test_utils_init.TestUtilsPackage" name="test_retry_config_is_class" time="0.000" /><testcase classname="tests.unit.test_utils_init.TestUtilsPackage" name="test_retry_exhausted_error_is_exception" time="0.000" /><testcase classname="tests.unit.test_utils_init.TestUtilsPackage" name="test_functions_are_callable" time="0.000" /><testcase classname="tests.unit.test_utils_init.TestUtilsPackage" name="test_import_does_not_raise" time="0.000" /><testcase classname="tests.unit.test_utils_init.TestUtilsPackage" name="test_retry_config_instantiation" time="0.000" /><testcase classname="tests.unit.test_utils_init.TestUtilsPackage" name="test_retry_exhausted_error_instantiation" time="0.000" /><testcase classname="tests.unit.test_utils_init.TestUtilsPackage" name="test_docstring_preservation" time="0.000" /><testcase classname="tests.unit.test_utils_init.TestUtilsPackage" name="test_module_name_and_package" time="0.000" /><testcase classname="tests.unit.test_utils_init.TestUtilsPackage" name="test_submodule_still_accessible" time="0.000" /><testcase classname="tests.unit.test_utils_init.TestUtilsPackage" name="test_retry_budget_exported" time="0.000" /><testcase classname="tests.unit.test_utils_init.TestUtilsPackage" name="test_function_has_expected_signature" time="0.000" /><testcase classname="tests.unit.test_utils_init.TestUtilsPackage" name="test_import_idempotency" time="0.000" /><testcase classname="tests.unit.test_utils_init.TestUtilsPackage" name="test_exception_inheritance_chain" time="0.000" /><testcase classname="tests.unit.test_utils_init.TestUtilsPackage" name="test_retry_config_validation_max_attempts" time="0.000" /><testcase classname="tests.unit.test_utils_init.TestUtilsPackage" name="test_retry_config_validation_base_delay" time="0.001" /><testcase classname="tests.unit.test_utils_init.TestUtilsPackage" name="test_retry_config_validation_max_delay" time="0.000" /><testcase classname="tests.unit.test_utils_init.TestUtilsPackage" name="test_retry_config_validation_exponential_base" time="0.001" /><testcase classname="tests.unit.test_utils_init.TestUtilsPackage" name="test_retry_config_validation_practical_limits" time="0.002" /><testcase classname="tests.unit.test_utils_init.TestUtilsPackage" name="test_type_annotations_preserved" time="0.000" /><testcase classname="tests.unit.test_utils_init.TestUtilsPackage" name="test_calculate_delay_functionality" time="0.000" /><testcase classname="tests.unit.test_utils_init.TestUtilsPackage" name="test_is_retriable_exception_functionality" time="0.000" /><testcase classname="tests.unit.test_utils_init.TestUtilsPackage" name="test_retry_sync_decorator_functionality" time="4.086" /><testcase classname="tests.unit.test_utils_init.TestUtilsPackage" name="test_retry_async_decorator_functionality" time="2.568" /><testcase classname="tests.unit.test_utils_init.TestUtilsPackage" name="test_module_reload_safety" time="0.002" /><testcase classname="tests.unit.test_utils_init.TestUtilsPackage" name="test_all_exports_have_proper_origin" time="0.001" /><testcase classname="tests.unit.test_utils_init.TestUtilsPackage" name="test_retry_config_retriable_exceptions_default" time="0.001" /><testcase classname="tests.unit.test_utils_init.TestUtilsPackage" name="test_retry_config_custom_retriable_exceptions" time="0.001" /><testcase classname="tests.unit.test_validation.TestFileValidator" name="test_video_extensions_constant" time="0.001" /><testcase classname="tests.unit.test_validation.TestFileValidator" name="test_audio_extensions_constant" time="0.001" /><testcase classname="tests.unit.test_validation.TestFileValidator" name="test_validate_path_security_valid_path" time="0.002" /><testcase classname="tests.unit.test_validation.TestFileValidator" name="test_validate_path_security_delegates_to_sanitizer" time="0.002" /><testcase classname="tests.unit.test_validation.TestFileValidator" name="test_validate_video_file_success" time="0.001" /><testcase classname="tests.unit.test_validation.TestFileValidator" name="test_validate_video_file_nonexistent" time="0.001" /><testcase classname="tests.unit.test_validation.TestFileValidator" name="test_validate_video_file_wrong_extension" time="0.002" /><testcase classname="tests.unit.test_validation.TestFileValidator" name="test_validate_video_file_with_max_size" time="0.001" /><testcase classname="tests.unit.test_validation.TestFileValidator" name="test_validate_video_file_various_extensions" time="0.002" /><testcase classname="tests.unit.test_validation.TestFileValidator" name="test_validate_audio_file_success" time="0.001" /><testcase classname="tests.unit.test_validation.TestFileValidator" name="test_validate_audio_file_nonexistent_must_exist_true" time="0.001" /><testcase classname="tests.unit.test_validation.TestFileValidator" name="test_validate_audio_file_nonexistent_must_exist_false" time="0.001" /><testcase classname="tests.unit.test_validation.TestFileValidator" name="test_validate_audio_file_wrong_extension" time="0.001" /><testcase classname="tests.unit.test_validation.TestFileValidator" name="test_validate_audio_file_with_max_size" time="0.001" /><testcase classname="tests.unit.test_validation.TestFileValidator" name="test_validate_audio_file_various_extensions" time="0.002" /><testcase classname="tests.unit.test_validation.TestFileValidator" name="test_is_valid_extension_video_files" time="0.001" /><testcase classname="tests.unit.test_validation.TestFileValidator" name="test_is_valid_extension_audio_files" time="0.001" /><testcase classname="tests.unit.test_validation.TestFileValidator" name="test_is_valid_extension_case_insensitive" time="0.001" /><testcase classname="tests.unit.test_validation.TestFileValidator" name="test_is_valid_extension_custom_set" time="0.001" /><testcase classname="tests.unit.test_validation.TestFileValidator" name="test_get_file_size_mb_existing_file" time="0.001" /><testcase classname="tests.unit.test_validation.TestFileValidator" name="test_get_file_size_mb_nonexistent_file" time="0.001" /><testcase classname="tests.unit.test_validation.TestFileValidator" name="test_get_file_size_mb_zero_byte_file" time="0.001" /><testcase classname="tests.unit.test_validation.TestFileValidator" name="test_get_file_size_mb_large_file" time="0.002" /><testcase classname="tests.unit.test_validation.TestFileValidator" name="test_get_file_size_mb_handles_permission_error" time="0.001" /><testcase classname="tests.unit.test_validation.TestFileValidator" name="test_get_file_size_mb_handles_os_error" time="0.001" /><testcase classname="tests.unit.test_validation.TestFileValidator" name="test_validate_video_file_inherits_from_common" time="0.000" /><testcase classname="tests.unit.test_validation.TestFileValidator" name="test_default_max_file_size_constant" time="0.000" /><testcase classname="tests.unit.test_validation.TestFileValidator" name="test_validate_video_file_uses_default_max_size" time="0.001" /><testcase classname="tests.unit.test_validation.TestFileValidator" name="test_validate_audio_file_uses_default_max_size" time="0.001" /><testcase classname="tests.unit.test_validation.TestEdgeCases" name="test_validate_audio_file_boundary_max_size" time="0.001" /><testcase classname="tests.unit.test_validation.TestEdgeCases" name="test_is_valid_extension_empty_extension" time="0.001" /><testcase classname="tests.unit.test_validation.TestEdgeCases" name="test_is_valid_extension_dot_only" time="0.001" /><testcase classname="tests.unit.test_validation.TestEdgeCases" name="test_get_file_size_mb_symlink" time="0.001" /><testcase classname="tests.unit.test_validation.TestEdgeCases" name="test_validate_path_with_unicode_characters" time="0.001" /><testcase classname="tests.unit.test_validation.TestEdgeCases" name="test_validate_path_with_spaces" time="0.001" /><testcase classname="tests.unit.test_whisper_provider.TestWhisperTranscriber" name="test_validate_configuration_with_dependencies" time="0.001" /><testcase classname="tests.unit.test_whisper_provider.TestWhisperTranscriber" name="test_validate_configuration_without_dependencies" time="0.001" /><testcase classname="tests.unit.test_whisper_provider.TestWhisperTranscriber" name="test_get_provider_name" time="0.001" /><testcase classname="tests.unit.test_whisper_provider.TestWhisperTranscriber" name="test_get_supported_features" time="0.001" /><testcase classname="tests.unit.test_whisper_provider.TestWhisperTranscriber" name="test_load_model_success" time="0.002" /><testcase classname="tests.unit.test_whisper_provider.TestWhisperTranscriber" name="test_load_model_failure" time="0.002" /><testcase classname="tests.unit.test_whisper_provider.TestWhisperTranscriber" name="test_transcribe_impl_success" time="0.002" /><testcase classname="tests.unit.test_whisper_provider.TestWhisperTranscriber" name="test_transcribe_impl_file_not_found" time="0.001" /><testcase classname="tests.unit.test_whisper_provider.TestWhisperTranscriber" name="test_parse_whisper_result" time="0.001" /><testcase classname="tests.unit.test_whisper_provider.TestWhisperTranscriber" name="test_generate_chapters" time="0.001" /><testcase classname="tests.unit.test_whisper_provider.TestWhisperTranscriber" name="test_health_check_async_success" time="0.001" /><testcase classname="tests.unit.test_whisper_provider.TestWhisperTranscriber" name="test_health_check_async_no_dependencies" time="0.001" /><testcase classname="tests.unit.test_whisper_provider.TestWhisperTranscriber" name="test_transcribe_async_with_circuit_breaker" time="0.001" /><testcase classname="tests.unit.test_whisper_provider.TestWhisperTranscriber" name="test_transcribe_async_failure" time="0.002" /><testcase classname="tests.unit.test_whisper_provider.TestEnsureWhisperAvailable" name="test_ensure_whisper_available_cached_true" time="0.001" /><testcase classname="tests.unit.test_whisper_provider.TestEnsureWhisperAvailable" name="test_ensure_whisper_available_cached_false" time="0.001" /><testcase classname="tests.unit.test_whisper_provider.TestEnsureWhisperAvailable" name="test_ensure_whisper_available_checks_both_dependencies" time="0.001" /><testcase classname="tests.unit.test_whisper_provider.TestWhisperInitialization" name="test_init_default_configuration" time="0.001" /><testcase classname="tests.unit.test_whisper_provider.TestWhisperInitialization" name="test_init_with_cuda_available" time="0.001" /><testcase classname="tests.unit.test_whisper_provider.TestWhisperInitialization" name="test_init_without_cuda" time="0.001" /><testcase classname="tests.unit.test_whisper_provider.TestValidateConfigurationEdgeCases" name="test_validate_cuda_fallback_to_cpu" time="0.001" /><testcase classname="tests.unit.test_whisper_provider.TestValidateConfigurationEdgeCases" name="test_validate_cuda_remains_when_available" time="0.001" /><testcase classname="tests.unit.test_whisper_provider.TestTranscribeImplEdgeCases" name="test_transcribe_impl_missing_dependencies" time="0.002" /><testcase classname="tests.unit.test_whisper_provider.TestTranscribeImplEdgeCases" name="test_transcribe_impl_auto_language_detection" time="0.002" /><testcase classname="tests.unit.test_whisper_provider.TestTranscribeImplEdgeCases" name="test_transcribe_impl_transcription_error" time="0.002" /><testcase classname="tests.unit.test_whisper_provider.TestParseWhisperResultEdgeCases" name="test_parse_empty_segments" time="0.000" /><testcase classname="tests.unit.test_whisper_provider.TestParseWhisperResultEdgeCases" name="test_parse_missing_language" time="0.000" /><testcase classname="tests.unit.test_whisper_provider.TestParseWhisperResultEdgeCases" name="test_parse_segments_without_words" time="0.000" /><testcase classname="tests.unit.test_whisper_provider.TestGenerateChaptersEdgeCases" name="test_generate_chapters_short_audio" time="0.000" /><testcase classname="tests.unit.test_whisper_provider.TestGenerateChaptersEdgeCases" name="test_generate_chapters_long_audio" time="0.000" /><testcase classname="tests.unit.test_whisper_provider.TestGenerateChaptersEdgeCases" name="test_generate_chapters_empty_utterances" time="0.000" /><testcase classname="tests.unit.test_whisper_provider.TestHealthCheckEdgeCases" name="test_health_check_loads_model_if_not_loaded" time="0.001" /><testcase classname="tests.unit.test_whisper_provider.TestHealthCheckEdgeCases" name="test_health_check_exception_handling" time="0.003" /></testsuite></testsuites>